Component: ARM Compiler 5.06 update 6 (build 750) Tool: armlink [4d35ed]

==============================================================================

Section Cross References

    main.o(i.EINT3_IRQHandler) refers to app.o(.data) for msTicks
    main.o(i.EINT3_IRQHandler) refers to main.o(.data) for lastDebounce
    main.o(i.SysTick_Handler) refers to app.o(.data) for msTicks
    main.o(i.TIMER1_IRQHandler) refers to _printf_percent.o(.ARM.Collect$$_printf_percent$$00000000) for _printf_percent
    main.o(i.TIMER1_IRQHandler) refers to _printf_d.o(.ARM.Collect$$_printf_percent$$00000009) for _printf_d
    main.o(i.TIMER1_IRQHandler) refers to _printf_dec.o(.text) for _printf_int_dec
    main.o(i.TIMER1_IRQHandler) refers to main.o(i.get_hours) for get_hours
    main.o(i.TIMER1_IRQHandler) refers to main.o(i.get_minutes) for get_minutes
    main.o(i.TIMER1_IRQHandler) refers to main.o(i.get_month) for get_month
    main.o(i.TIMER1_IRQHandler) refers to main.o(i.get_year) for get_year
    main.o(i.TIMER1_IRQHandler) refers to noretval__2sprintf.o(.text) for __2sprintf
    main.o(i.TIMER1_IRQHandler) refers to strlen.o(.text) for strlen
    main.o(i.TIMER1_IRQHandler) refers to main.o(i.UART_SEND) for UART_SEND
    main.o(i.TIMER1_IRQHandler) refers to main.o(.data) for hours
    main.o(i.TIMER1_IRQHandler) refers to main.o(.bss) for date
    main.o(i.UART_SEND) refers to main.o(.data) for USARTdrv
    main.o(i.approve) refers to _printf_percent.o(.ARM.Collect$$_printf_percent$$00000000) for _printf_percent
    main.o(i.approve) refers to _printf_d.o(.ARM.Collect$$_printf_percent$$00000009) for _printf_d
    main.o(i.approve) refers to _printf_dec.o(.text) for _printf_int_dec
    main.o(i.approve) refers to main.o(i.validateCode) for validateCode
    main.o(i.approve) refers to main.o(i.get_year) for get_year
    main.o(i.approve) refers to main.o(i.get_month) for get_month
    main.o(i.approve) refers to main.o(i.get_day) for get_day
    main.o(i.approve) refers to main.o(i.get_hours) for get_hours
    main.o(i.approve) refers to main.o(i.get_minutes) for get_minutes
    main.o(i.approve) refers to main.o(i.encodeDateTime) for encodeDateTime
    main.o(i.approve) refers to main.o(i.addNewDate) for addNewDate
    main.o(i.approve) refers to main.o(i.drawSuccessfulOpenInterface) for drawSuccessfulOpenInterface
    main.o(i.approve) refers to main.o(i.wait) for wait
    main.o(i.approve) refers to main.o(i.funcF) for funcF
    main.o(i.approve) refers to main.o(i.drawWrongCodeOpenInterface) for drawWrongCodeOpenInterface
    main.o(i.approve) refers to noretval__2sprintf.o(.text) for __2sprintf
    main.o(i.approve) refers to main.o(i.UART_SEND) for UART_SEND
    main.o(i.approve) refers to main.o(i.setCode) for setCode
    main.o(i.approve) refers to main.o(i.getCode) for getCode
    main.o(i.approve) refers to main.o(i.setNewCodeSuccessfulInterface) for setNewCodeSuccessfulInterface
    main.o(i.approve) refers to main.o(i.resetCodeTab) for resetCodeTab
    main.o(i.approve) refers to main.o(i.resetDateTab) for resetDateTab
    main.o(i.approve) refers to main.o(i.drawWrongDateInterface) for drawWrongDateInterface
    main.o(i.approve) refers to main.o(i.set_years) for set_years
    main.o(i.approve) refers to main.o(i.set_month) for set_month
    main.o(i.approve) refers to main.o(i.set_day) for set_day
    main.o(i.approve) refers to main.o(i.set_hours) for set_hours
    main.o(i.approve) refers to main.o(i.set_minutes) for set_minutes
    main.o(i.approve) refers to main.o(i.setNewDateInterfaceSuccessful) for setNewDateInterfaceSuccessful
    main.o(i.approve) refers to main.o(.data) for actualInterface
    main.o(i.approve) refers to main.o(.bss) for codeTab
    main.o(i.decodeDateTime) refers to _printf_pad.o(.text) for _printf_pre_padding
    main.o(i.decodeDateTime) refers to _printf_percent.o(.ARM.Collect$$_printf_percent$$00000000) for _printf_percent
    main.o(i.decodeDateTime) refers to _printf_d.o(.ARM.Collect$$_printf_percent$$00000009) for _printf_d
    main.o(i.decodeDateTime) refers to _printf_dec.o(.text) for _printf_int_dec
    main.o(i.decodeDateTime) refers to noretval__2sprintf.o(.text) for __2sprintf
    main.o(i.drawBasicInterface) refers to main.o(i.setAutoIncrementBackground) for setAutoIncrementBackground
    main.o(i.drawBasicInterface) refers to main.o(i.drawLine) for drawLine
    main.o(i.drawBasicInterface) refers to main.o(i.drawDateInTopRight) for drawDateInTopRight
    main.o(i.drawBasicInterface) refers to main.o(i.drawLastOpenDates) for drawLastOpenDates
    main.o(i.drawDateInTopRight) refers to _printf_percent.o(.ARM.Collect$$_printf_percent$$00000000) for _printf_percent
    main.o(i.drawDateInTopRight) refers to _printf_d.o(.ARM.Collect$$_printf_percent$$00000009) for _printf_d
    main.o(i.drawDateInTopRight) refers to _printf_dec.o(.text) for _printf_int_dec
    main.o(i.drawDateInTopRight) refers to noretval__2sprintf.o(.text) for __2sprintf
[...]
    Removing system_lpc17xx.o(.rrx_text), (6 bytes).
    Removing system_lpc17xx.o(i.SystemCoreClockUpdate), (424 bytes).

52 unused section(s) (total 1684 bytes) removed from the image.

==============================================================================

Image Symbol Table

    Local Symbols

    Symbol Name                              Value     Ov Type        Size  Object(Section)

    RESET                                    0x00000000   Section      204  startup_lpc17xx.o(RESET)
    ../clib/angel/boardlib.s                 0x00000000   Number         0  boardinit1.o ABSOLUTE
    ../clib/angel/boardlib.s                 0x00000000   Number         0  boardshut.o ABSOLUTE
    ../clib/angel/boardlib.s                 0x00000000   Number         0  boardinit2.o ABSOLUTE
    ../clib/angel/boardlib.s                 0x00000000   Number         0  boardinit3.o ABSOLUTE
    ../clib/angel/handlers.s                 0x00000000   Number         0  __scatter_zi.o ABSOLUTE
    ../clib/angel/handlers.s                 0x00000000   Number         0  __scatter_copy.o ABSOLUTE
    ../clib/angel/kernel.s                   0x00000000   Number         0  rtexit.o ABSOLUTE
    ../clib/angel/kernel.s                   0x00000000   Number         0  __rtentry2.o ABSOLUTE
    ../clib/angel/kernel.s                   0x00000000   Number         0  __rtentry.o ABSOLUTE
    ../clib/angel/kernel.s                   0x00000000   Number         0  __rtentry4.o ABSOLUTE
    ../clib/angel/kernel.s                   0x00000000   Number         0  rtexit2.o ABSOLUTE
    ../clib/angel/rt.s                       0x00000000   Number         0  aeabi_ldiv0_sigfpe.o ABSOLUTE
    ../clib/angel/rt.s                       0x00000000   Number         0  rt_raise.o ABSOLUTE
    ../clib/angel/rt.s                       0x00000000   Number         0  aeabi_ldiv0.o ABSOLUTE
    ../clib/angel/rt.s                       0x00000000   Number         0  rt_div0.o ABSOLUTE
    ../clib/angel/scatter.s                  0x00000000   Number         0  __scatter.o ABSOLUTE
    ../clib/angel/startup.s                  0x00000000   Number         0  __main.o ABSOLUTE
    ../clib/angel/sys.s                      0x00000000   Number         0  indicate_semi.o ABSOLUTE
    ../clib/angel/sys.s                      0x00000000   Number         0  use_no_semi.o ABSOLUTE
    ../clib/angel/sys.s                      0x00000000   Number         0  sys_stackheap_outer.o ABSOLUTE
    ../clib/angel/sys.s                      0x00000000   Number         0  libspace.o ABSOLUTE
    ../clib/angel/sysapp.c                   0x00000000   Number         0  sys_command.o ABSOLUTE
    ../clib/angel/sysapp.c                   0x00000000   Number         0  sys_wrch.o ABSOLUTE
    ../clib/angel/sysapp.c                   0x00000000   Number         0  sys_exit.o ABSOLUTE
    ../clib/armsys.c                         0x00000000   Number         0  no_argv.o ABSOLUTE
    ../clib/armsys.c                         0x00000000   Number         0  _get_argv_nomalloc.o ABSOLUTE
    ../clib/armsys.c                         0x00000000   Number         0  argv_veneer.o ABSOLUTE
    ../clib/armsys.c                         0x00000000   Number         0  argv_veneer.o ABSOLUTE
    ../clib/heapalloc.c                      0x00000000   Number         0  hrguard.o ABSOLUTE
    ../clib/heapaux.c                        0x00000000   Number         0  heapauxi.o ABSOLUTE
    ../clib/libinit.s                        0x00000000   Number         0  libinit2.o ABSOLUTE
    ../clib/libinit.s                        0x00000000   Number         0  libinit.o ABSOLUTE
    ../clib/libinit.s                        0x00000000   Number         0  libshutdown.o ABSOLUTE
    ../clib/libinit.s                        0x00000000   Number         0  libshutdown2.o ABSOLUTE
    ../clib/longlong.s                       0x00000000   Number         0  lludivv7m.o ABSOLUTE
    ../clib/memcpset.s                       0x00000000   Number         0  rt_memcpy_v6.o ABSOLUTE
    ../clib/memcpset.s                       0x00000000   Number         0  rt_memcpy_w.o ABSOLUTE
    ../clib/misc.s                           0x00000000   Number         0  printf_stubs.o ABSOLUTE
    ../clib/printf.c                         0x00000000   Number         0  __printf_nopercent.o ABSOLUTE
    ../clib/printf.c                         0x00000000   Number         0  __printf_flags_ss.o ABSOLUTE
    ../clib/printf.c                         0x00000000   Number         0  __printf.o ABSOLUTE
    ../clib/printf.c                         0x00000000   Number         0  __printf_wp.o ABSOLUTE
    ../clib/printf.c                         0x00000000   Number         0  _printf_pad.o ABSOLUTE
    ../clib/printf.c                         0x00000000   Number         0  _printf_intcommon.o ABSOLUTE
    ../clib/printf.c                         0x00000000   Number         0  __printf_flags_ss_wp.o ABSOLUTE
    ../clib/printf.c                         0x00000000   Number         0  __printf_ss_wp.o ABSOLUTE
    ../clib/printf.c                         0x00000000   Number         0  __printf_flags_wp.o ABSOLUTE
    ../clib/printf.c                         0x00000000   Number         0  _printf_char_common.o ABSOLUTE
    ../clib/printf.c                         0x00000000   Number         0  __printf_ss.o ABSOLUTE
    ../clib/printf.c                         0x00000000   Number         0  __printf_flags.o ABSOLUTE
    ../clib/printf.c                         0x00000000   Number         0  _printf_dec.o ABSOLUTE
    ../clib/printf.c                         0x00000000   Number         0  noretval__2sprintf.o ABSOLUTE
    ../clib/printf.c                         0x00000000   Number         0  __2sprintf.o ABSOLUTE
    ../clib/printf.c                         0x00000000   Number         0  _sputc.o ABSOLUTE
    ../clib/printf_percent.s                 0x00000000   Number         0  _printf_percent.o ABSOLUTE
    ../clib/printf_percent.s                 0x00000000   Number         0  _printf_d.o ABSOLUTE
    ../clib/printf_percent.s                 0x00000000   Number         0  _printf_percent_end.o ABSOLUTE
    ../clib/signal.c                         0x00000000   Number         0  defsig_pvfn_inner.o ABSOLUTE
    ../clib/signal.c                         0x00000000   Number         0  defsig_fpe_inner.o ABSOLUTE
    ../clib/signal.c                         0x00000000   Number         0  defsig_exit.o ABSOLUTE
    ../clib/signal.c                         0x00000000   Number         0  defsig_other.o ABSOLUTE
    ../clib/signal.c                         0x00000000   Number         0  defsig_segv_inner.o ABSOLUTE
    ../clib/signal.c                         0x00000000   Number         0  defsig_cppl_inner.o ABSOLUTE
    ../clib/signal.c                         0x00000000   Number         0  defsig_stak_inner.o ABSOLUTE
    ../clib/signal.c                         0x00000000   Number         0  defsig_rtmem_formal.o ABSOLUTE
    ../clib/signal.c                         0x00000000   Number         0  defsig_rtmem_outer.o ABSOLUTE
    ../clib/signal.c                         0x00000000   Number         0  defsig_rtmem_inner.o ABSOLUTE
    ../clib/signal.c                         0x00000000   Number         0  defsig_rtred_inner.o ABSOLUTE
    ../clib/signal.c                         0x00000000   Number         0  defsig_abrt_inner.o ABSOLUTE
    ../clib/signal.c                         0x00000000   Number         0  defsig_general.o ABSOLUTE
    ../clib/signal.c                         0x00000000   Number         0  __raise.o ABSOLUTE
    ../clib/signal.c                         0x00000000   Number         0  defsig_fpe_outer.o ABSOLUTE
    ../clib/signal.c                         0x00000000   Number         0  defsig_fpe_formal.o ABSOLUTE
    ../clib/signal.s                         0x00000000   Number         0  defsig.o ABSOLUTE
    ../clib/stdlib.c                         0x00000000   Number         0  exit.o ABSOLUTE
    ../clib/string.c                         0x00000000   Number         0  strlen.o ABSOLUTE
    ../fplib/fpinit.s                        0x00000000   Number         0  fpinit.o ABSOLUTE
    C:\Keil_v5\ARM\PACK\Keil\LPC1700_DFP\2.6.1\RTE_Driver\GPDMA_LPC17xx.c 0x00000000   Number         0  gpdma_lpc17xx.o ABSOLUTE
    C:\Keil_v5\ARM\PACK\Keil\LPC1700_DFP\2.6.1\RTE_Driver\GPIO_LPC17xx.c 0x00000000   Number         0  gpio_lpc17xx.o ABSOLUTE
    C:\Keil_v5\ARM\PACK\Keil\LPC1700_DFP\2.6.1\RTE_Driver\PIN_LPC17xx.c 0x00000000   Number         0  pin_lpc17xx.o ABSOLUTE
    C:\Keil_v5\ARM\PACK\Keil\LPC1700_DFP\2.6.1\RTE_Driver\UART_LPC17xx.c 0x00000000   Number         0  uart_lpc17xx.o ABSOLUTE
    C:\\Keil_v5\\ARM\\PACK\\Keil\\LPC1700_DFP\\2.6.1\\RTE_Driver\\GPDMA_LPC17xx.c 0x00000000   Number         0  gpdma_lpc17xx.o ABSOLUTE
    C:\\Keil_v5\\ARM\\PACK\\Keil\\LPC1700_DFP\\2.6.1\\RTE_Driver\\GPIO_LPC17xx.c 0x00000000   Number         0  gpio_lpc17xx.o ABSOLUTE
    C:\\Keil_v5\\ARM\\PACK\\Keil\\LPC1700_DFP\\2.6.1\\RTE_Driver\\PIN_LPC17xx.c 0x00000000   Number         0  pin_lpc17xx.o ABSOLUTE
    C:\\Keil_v5\\ARM\\PACK\\Keil\\LPC1700_DFP\\2.6.1\\RTE_Driver\\UART_LPC17xx.c 0x00000000   Number         0  uart_lpc17xx.o ABSOLUTE
    RTE\Device\LPC1768\startup_LPC17xx.s     0x00000000   Number         0  startup_lpc17xx.o ABSOLUTE
    RTE\Device\LPC1768\system_LPC17xx.c      0x00000000   Number         0  system_lpc17xx.o ABSOLUTE
    RTE\\Device\\LPC1768\\system_LPC17xx.c   0x00000000   Number         0  system_lpc17xx.o ABSOLUTE
    dc.s                                     0x00000000   Number         0  dc.o ABSOLUTE
    libki\LCD_ILI9325.c                      0x00000000   Number         0  lcd_ili9325.o ABSOLUTE
    libki\Open1768_LCD.c                     0x00000000   Number         0  open1768_lcd.o ABSOLUTE
    libki\TP_Open1768.c                      0x00000000   Number         0  tp_open1768.o ABSOLUTE
    libki\\LCD_ILI9325.c                     0x00000000   Number         0  lcd_ili9325.o ABSOLUTE
    libki\\Open1768_LCD.c                    0x00000000   Number         0  open1768_lcd.o ABSOLUTE
    libki\\TP_Open1768.c                     0x00000000   Number         0  tp_open1768.o ABSOLUTE
    libki\asciiLib.c                         0x00000000   Number         0  asciilib.o ABSOLUTE
    main.c                                   0x00000000   Number         0  main.o ABSOLUTE
    main.c                                   0x00000000   Number         0  main.o ABSOLUTE
    src\\app.c                               0x00000000   Number         0  app.o ABSOLUTE
    src\app.c                                0x00000000   Number         0  app.o ABSOLUTE
    !!!main                                  0x000000cc   Section        8  __main.o(!!!main)
    !!!scatter                               0x000000d4   Section       52  __scatter.o(!!!scatter)
    !!handler_copy                           0x00000108   Section       26  __scatter_copy.o(!!handler_copy)
    !!handler_zi                             0x00000124   Section       28  __scatter_zi.o(!!handler_zi)
    .ARM.Collect$$_printf_percent$$00000000  0x00000140   Section        0  _printf_percent.o(.ARM.Collect$$_printf_percent$$00000000)
    .ARM.Collect$$_printf_percent$$00000009  0x00000140   Section        6  _printf_d.o(.ARM.Collect$$_printf_percent$$00000009)
    .ARM.Collect$$_printf_percent$$00000017  0x00000146   Section        4  _printf_percent_end.o(.ARM.Collect$$_printf_percent$$00000017)
    .ARM.Collect$$libinit$$00000000          0x0000014a   Section        2  libinit.o(.ARM.Collect$$libinit$$00000000)
    .ARM.Collect$$libinit$$00000002          0x0000014c   Section        0  libinit2.o(.ARM.Collect$$libinit$$00000002)
    .ARM.Collect$$libinit$$00000004          0x0000014c   Section        0  libinit2.o(.ARM.Collect$$libinit$$00000004)
    .ARM.Collect$$libinit$$0000000A          0x0000014c   Section        0  libinit2.o(.ARM.Collect$$libinit$$0000000A)
    .ARM.Collect$$libinit$$0000000C          0x0000014c   Section        0  libinit2.o(.ARM.Collect$$libinit$$0000000C)
    .ARM.Collect$$libinit$$0000000E          0x0000014c   Section        0  libinit2.o(.ARM.Collect$$libinit$$0000000E)
    .ARM.Collect$$libinit$$00000011          0x0000014c   Section        0  libinit2.o(.ARM.Collect$$libinit$$00000011)
    .ARM.Collect$$libinit$$00000013          0x0000014c   Section        0  libinit2.o(.ARM.Collect$$libinit$$00000013)
    .ARM.Collect$$libinit$$00000015          0x0000014c   Section        0  libinit2.o(.ARM.Collect$$libinit$$00000015)
    .ARM.Collect$$libinit$$00000017          0x0000014c   Section        0  libinit2.o(.ARM.Collect$$libinit$$00000017)
    .ARM.Collect$$libinit$$00000019          0x0000014c   Section        0  libinit2.o(.ARM.Collect$$libinit$$00000019)
    .ARM.Collect$$libinit$$0000001B          0x0000014c   Section        0  libinit2.o(.ARM.Collect$$libinit$$0000001B)
    .ARM.Collect$$libinit$$0000001D          0x0000014c   Section        0  libinit2.o(.ARM.Collect$$libinit$$0000001D)
    .ARM.Collect$$libinit$$0000001F          0x0000014c   Section        0  libinit2.o(.ARM.Collect$$libinit$$0000001F)
    .ARM.Collect$$libinit$$00000021          0x0000014c   Section        0  libinit2.o(.ARM.Collect$$libinit$$00000021)
    .ARM.Collect$$libinit$$00000023          0x0000014c   Section        0  libinit2.o(.ARM.Collect$$libinit$$00000023)
    .ARM.Collect$$libinit$$00000025          0x0000014c   Section        0  libinit2.o(.ARM.Collect$$libinit$$00000025)
    .ARM.Collect$$libinit$$0000002C          0x0000014c   Section        0  libinit2.o(.ARM.Collect$$libinit$$0000002C)
    .ARM.Collect$$libinit$$0000002E          0x0000014c   Section        0  libinit2.o(.ARM.Collect$$libinit$$0000002E)
    .ARM.Collect$$libinit$$00000030          0x0000014c   Section        0  libinit2.o(.ARM.Collect$$libinit$$00000030)
    .ARM.Collect$$libinit$$00000032          0x0000014c   Section        0  libinit2.o(.ARM.Collect$$libinit$$00000032)
    .ARM.Collect$$libinit$$00000033          0x0000014c   Section        2  libinit2.o(.ARM.Collect$$libinit$$00000033)
    .ARM.Collect$$libshutdown$$00000000      0x0000014e   Section        2  libshutdown.o(.ARM.Collect$$libshutdown$$00000000)
    .ARM.Collect$$libshutdown$$00000002      0x00000150   Section        0  libshutdown2.o(.ARM.Collect$$libshutdown$$00000002)
    .ARM.Collect$$libshutdown$$00000004      0x00000150   Section        0  libshutdown2.o(.ARM.Collect$$libshutdown$$00000004)
    .ARM.Collect$$libshutdown$$00000007      0x00000150   Section        0  libshutdown2.o(.ARM.Collect$$libshutdown$$00000007)
    .ARM.Collect$$libshutdown$$0000000A      0x00000150   Section        0  libshutdown2.o(.ARM.Collect$$libshutdown$$0000000A)
    .ARM.Collect$$libshutdown$$0000000C      0x00000150   Section        0  libshutdown2.o(.ARM.Collect$$libshutdown$$0000000C)
    .ARM.Collect$$libshutdown$$0000000F      0x00000150   Section        0  libshutdown2.o(.ARM.Collect$$libshutdown$$0000000F)
    .ARM.Collect$$libshutdown$$00000010      0x00000150   Section        2  libshutdown2.o(.ARM.Collect$$libshutdown$$00000010)
    .ARM.Collect$$rtentry$$00000000          0x00000152   Section        0  __rtentry.o(.ARM.Collect$$rtentry$$00000000)
    .ARM.Collect$$rtentry$$00000002          0x00000152   Section        0  __rtentry2.o(.ARM.Collect$$rtentry$$00000002)
    .ARM.Collect$$rtentry$$00000004          0x00000152   Section        6  __rtentry4.o(.ARM.Collect$$rtentry$$00000004)
    .ARM.Collect$$rtentry$$00000009          0x00000158   Section        0  __rtentry2.o(.ARM.Collect$$rtentry$$00000009)
    .ARM.Collect$$rtentry$$0000000A          0x00000158   Section        4  __rtentry2.o(.ARM.Collect$$rtentry$$0000000A)
    .ARM.Collect$$rtentry$$0000000C          0x0000015c   Section        0  __rtentry2.o(.ARM.Collect$$rtentry$$0000000C)
    .ARM.Collect$$rtentry$$0000000D          0x0000015c   Section        8  __rtentry2.o(.ARM.Collect$$rtentry$$0000000D)
    .ARM.Collect$$rtexit$$00000000           0x00000164   Section        2  rtexit.o(.ARM.Collect$$rtexit$$00000000)
    .ARM.Collect$$rtexit$$00000002           0x00000166   Section        0  rtexit2.o(.ARM.Collect$$rtexit$$00000002)
    .ARM.Collect$$rtexit$$00000003           0x00000166   Section        4  rtexit2.o(.ARM.Collect$$rtexit$$00000003)
    .ARM.Collect$$rtexit$$00000004           0x0000016a   Section        6  rtexit2.o(.ARM.Collect$$rtexit$$00000004)
    .text                                    0x00000170   Section       60  startup_lpc17xx.o(.text)
    .text                                    0x000001ac   Section      238  lludivv7m.o(.text)
    .text                                    0x0000029c   Section        0  noretval__2sprintf.o(.text)
    .text                                    0x000002c4   Section        0  heapauxi.o(.text)
    .text                                    0x000002cc   Section        0  _printf_char_common.o(.text)
    _printf_input_char                       0x000002cd   Thumb Code    10  _printf_char_common.o(.text)
    .ARM.__at_0x02FC                         0x000002fc   Section        4  startup_lpc17xx.o(.ARM.__at_0x02FC)
    .text                                    0x00000300   Section        0  _printf_pad.o(.text)
    .text                                    0x00000350   Section        0  _printf_dec.o(.text)
    .text                                    0x000003c8   Section        0  __printf_flags_wp.o(.text)
    .text                                    0x00000500   Section        0  strlen.o(.text)
    .text                                    0x0000053e   Section      138  rt_memcpy_v6.o(.text)
    .text                                    0x000005c8   Section        0  _printf_intcommon.o(.text)
    .text                                    0x0000067a   Section        0  _sputc.o(.text)
    .text                                    0x00000684   Section      100  rt_memcpy_w.o(.text)
    .text                                    0x000006e8   Section       74  sys_stackheap_outer.o(.text)
    .text                                    0x00000732   Section        0  exit.o(.text)
    .text                                    0x00000744   Section        8  libspace.o(.text)
    .text                                    0x0000074c   Section        0  sys_exit.o(.text)
    .text                                    0x00000758   Section        2  use_no_semi.o(.text)
    .text                                    0x0000075a   Section        0  indicate_semi.o(.text)
    i.Clear_Channel_active_flag              0x0000075c   Section        0  gpdma_lpc17xx.o(i.Clear_Channel_active_flag)
    Clear_Channel_active_flag                0x0000075d   Thumb Code    28  gpdma_lpc17xx.o(i.Clear_Channel_active_flag)
    i.DMA_IRQHandler                         0x0000077c   Section        0  gpdma_lpc17xx.o(i.DMA_IRQHandler)
    i.EINT3_IRQHandler                       0x000008fc   Section        0  main.o(i.EINT3_IRQHandler)
    i.GPDMA_ChannelConfigure                 0x00000944   Section        0  gpdma_lpc17xx.o(i.GPDMA_ChannelConfigure)
    i.GPDMA_ChannelDisable                   0x00000a38   Section        0  gpdma_lpc17xx.o(i.GPDMA_ChannelDisable)
    i.GPDMA_ChannelGetCount                  0x00000a68   Section        0  gpdma_lpc17xx.o(i.GPDMA_ChannelGetCount)
    i.GPDMA_Initialize                       0x00000a98   Section        0  gpdma_lpc17xx.o(i.GPDMA_Initialize)
    i.GPDMA_PeripheralSelect                 0x00000b40   Section        0  gpdma_lpc17xx.o(i.GPDMA_PeripheralSelect)
    i.GPDMA_Uninitialize                     0x00000b84   Section        0  gpdma_lpc17xx.o(i.GPDMA_Uninitialize)
    i.GetASCIICode                           0x00000c04   Section        0  asciilib.o(i.GetASCIICode)
    i.GetUsartClockFreq                      0x00000c30   Section        0  uart_lpc17xx.o(i.GetUsartClockFreq)
    GetUsartClockFreq                        0x00000c31   Thumb Code    62  uart_lpc17xx.o(i.GetUsartClockFreq)
    i.PIN_Configure                          0x00000c74   Section        0  pin_lpc17xx.o(i.PIN_Configure)
    i.Set_Channel_active_flag                0x00000d70   Section        0  gpdma_lpc17xx.o(i.Set_Channel_active_flag)
    Set_Channel_active_flag                  0x00000d71   Thumb Code    50  gpdma_lpc17xx.o(i.Set_Channel_active_flag)
    i.SysTick_Handler                        0x00000da8   Section        0  main.o(i.SysTick_Handler)
    i.SystemInit                             0x00000db8   Section        0  system_lpc17xx.o(i.SystemInit)
    i.TIMER1_IRQHandler                      0x00000ef8   Section        0  main.o(i.TIMER1_IRQHandler)
    i.UART1_IRQHandler                       0x00000f80   Section        0  uart_lpc17xx.o(i.UART1_IRQHandler)
    i.UART_SEND                              0x00000f90   Section        0  main.o(i.UART_SEND)
    i.USART1_Control                         0x00000fa8   Section        0  uart_lpc17xx.o(i.USART1_Control)
    USART1_Control                           0x00000fa9   Thumb Code    18  uart_lpc17xx.o(i.USART1_Control)
    i.USART1_GPDMA_Rx_Event                  0x00000fc0   Section        0  uart_lpc17xx.o(i.USART1_GPDMA_Rx_Event)
    i.USART1_GPDMA_Tx_Event                  0x00000fd4   Section        0  uart_lpc17xx.o(i.USART1_GPDMA_Tx_Event)
    i.USART1_GetCapabilities                 0x00000fe8   Section        0  uart_lpc17xx.o(i.USART1_GetCapabilities)
    USART1_GetCapabilities                   0x00000fe9   Thumb Code    12  uart_lpc17xx.o(i.USART1_GetCapabilities)
    i.USART1_GetModemStatus                  0x00000ff8   Section        0  uart_lpc17xx.o(i.USART1_GetModemStatus)
    USART1_GetModemStatus                    0x00000ff9   Thumb Code    12  uart_lpc17xx.o(i.USART1_GetModemStatus)
    i.USART1_GetRxCount                      0x00001008   Section        0  uart_lpc17xx.o(i.USART1_GetRxCount)
    USART1_GetRxCount                        0x00001009   Thumb Code    10  uart_lpc17xx.o(i.USART1_GetRxCount)
    i.USART1_GetStatus                       0x00001018   Section        0  uart_lpc17xx.o(i.USART1_GetStatus)
    USART1_GetStatus                         0x00001019   Thumb Code    12  uart_lpc17xx.o(i.USART1_GetStatus)
    i.USART1_GetTxCount                      0x00001028   Section        0  uart_lpc17xx.o(i.USART1_GetTxCount)
    USART1_GetTxCount                        0x00001029   Thumb Code    10  uart_lpc17xx.o(i.USART1_GetTxCount)
    i.USART1_Initialize                      0x00001038   Section        0  uart_lpc17xx.o(i.USART1_Initialize)
    USART1_Initialize                        0x00001039   Thumb Code    14  uart_lpc17xx.o(i.USART1_Initialize)
    i.USART1_PowerControl                    0x0000104c   Section        0  uart_lpc17xx.o(i.USART1_PowerControl)
    USART1_PowerControl                      0x0000104d   Thumb Code    14  uart_lpc17xx.o(i.USART1_PowerControl)
    i.USART1_Receive                         0x00001060   Section        0  uart_lpc17xx.o(i.USART1_Receive)
    USART1_Receive                           0x00001061   Thumb Code    18  uart_lpc17xx.o(i.USART1_Receive)
    i.USART1_Send                            0x00001078   Section        0  uart_lpc17xx.o(i.USART1_Send)
    USART1_Send                              0x00001079   Thumb Code    18  uart_lpc17xx.o(i.USART1_Send)
    i.USART1_SetModemControl                 0x00001090   Section        0  uart_lpc17xx.o(i.USART1_SetModemControl)
    USART1_SetModemControl                   0x00001091   Thumb Code    14  uart_lpc17xx.o(i.USART1_SetModemControl)
    i.USART1_Transfer                        0x000010a4   Section        0  uart_lpc17xx.o(i.USART1_Transfer)
    USART1_Transfer                          0x000010a5   Thumb Code    22  uart_lpc17xx.o(i.USART1_Transfer)
    i.USART1_Uninitialize                    0x000010c0   Section        0  uart_lpc17xx.o(i.USART1_Uninitialize)
    USART1_Uninitialize                      0x000010c1   Thumb Code    10  uart_lpc17xx.o(i.USART1_Uninitialize)
    i.USART_Control                          0x000010d0   Section        0  uart_lpc17xx.o(i.USART_Control)
    USART_Control                            0x000010d1   Thumb Code  1644  uart_lpc17xx.o(i.USART_Control)
    i.USART_GPDMA_Rx_Event                   0x00001740   Section        0  uart_lpc17xx.o(i.USART_GPDMA_Rx_Event)
    USART_GPDMA_Rx_Event                     0x00001741   Thumb Code   134  uart_lpc17xx.o(i.USART_GPDMA_Rx_Event)
    i.USART_GPDMA_Tx_Event                   0x000017c6   Section        0  uart_lpc17xx.o(i.USART_GPDMA_Tx_Event)
    USART_GPDMA_Tx_Event                     0x000017c7   Thumb Code    74  uart_lpc17xx.o(i.USART_GPDMA_Tx_Event)
    i.USART_GetCapabilities                  0x00001810   Section        0  uart_lpc17xx.o(i.USART_GetCapabilities)
    USART_GetCapabilities                    0x00001811   Thumb Code     6  uart_lpc17xx.o(i.USART_GetCapabilities)
    i.USART_GetModemStatus                   0x00001816   Section        0  uart_lpc17xx.o(i.USART_GetModemStatus)
    USART_GetModemStatus                     0x00001817   Thumb Code   236  uart_lpc17xx.o(i.USART_GetModemStatus)
    i.USART_GetRxCount                       0x00001902   Section        0  uart_lpc17xx.o(i.USART_GetRxCount)
    USART_GetRxCount                         0x00001903   Thumb Code    28  uart_lpc17xx.o(i.USART_GetRxCount)
    i.USART_GetStatus                        0x0000191e   Section        0  uart_lpc17xx.o(i.USART_GetStatus)
    USART_GetStatus                          0x0000191f   Thumb Code   188  uart_lpc17xx.o(i.USART_GetStatus)
    i.USART_GetTxCount                       0x000019da   Section        0  uart_lpc17xx.o(i.USART_GetTxCount)
    USART_GetTxCount                         0x000019db   Thumb Code    28  uart_lpc17xx.o(i.USART_GetTxCount)
    i.USART_IRQHandler                       0x000019f6   Section        0  uart_lpc17xx.o(i.USART_IRQHandler)
    USART_IRQHandler                         0x000019f7   Thumb Code   624  uart_lpc17xx.o(i.USART_IRQHandler)
    i.USART_Initialize                       0x00001c66   Section        0  uart_lpc17xx.o(i.USART_Initialize)
    USART_Initialize                         0x00001c67   Thumb Code   254  uart_lpc17xx.o(i.USART_Initialize)
    i.USART_PowerControl                     0x00001d64   Section        0  uart_lpc17xx.o(i.USART_PowerControl)
    USART_PowerControl                       0x00001d65   Thumb Code   600  uart_lpc17xx.o(i.USART_PowerControl)
    i.USART_Receive                          0x00001fc0   Section        0  uart_lpc17xx.o(i.USART_Receive)
    USART_Receive                            0x00001fc1   Thumb Code   272  uart_lpc17xx.o(i.USART_Receive)
    i.USART_RxLineIntHandler                 0x000020d0   Section        0  uart_lpc17xx.o(i.USART_RxLineIntHandler)
    USART_RxLineIntHandler                   0x000020d1   Thumb Code   104  uart_lpc17xx.o(i.USART_RxLineIntHandler)
    i.USART_Send                             0x00002138   Section        0  uart_lpc17xx.o(i.USART_Send)
    USART_Send                               0x00002139   Thumb Code   412  uart_lpc17xx.o(i.USART_Send)
    i.USART_SetBaudrate                      0x000022d4   Section        0  uart_lpc17xx.o(i.USART_SetBaudrate)
    i.USART_SetModemControl                  0x00002408   Section        0  uart_lpc17xx.o(i.USART_SetModemControl)
    USART_SetModemControl                    0x00002409   Thumb Code   160  uart_lpc17xx.o(i.USART_SetModemControl)
    i.USART_Transfer                         0x000024a8   Section        0  uart_lpc17xx.o(i.USART_Transfer)
    USART_Transfer                           0x000024a9   Thumb Code   122  uart_lpc17xx.o(i.USART_Transfer)
    i.USART_Uninitialize                     0x00002522   Section        0  uart_lpc17xx.o(i.USART_Uninitialize)
    USART_Uninitialize                       0x00002523   Thumb Code   226  uart_lpc17xx.o(i.USART_Uninitialize)
    i.USARTx_GetVersion                      0x00002604   Section        0  uart_lpc17xx.o(i.USARTx_GetVersion)
    USARTx_GetVersion                        0x00002605   Thumb Code    10  uart_lpc17xx.o(i.USARTx_GetVersion)
    i.__NVIC_ClearPendingIRQ                 0x00002614   Section        0  uart_lpc17xx.o(i.__NVIC_ClearPendingIRQ)
    __NVIC_ClearPendingIRQ                   0x00002615   Thumb Code    22  uart_lpc17xx.o(i.__NVIC_ClearPendingIRQ)
    i.__NVIC_ClearPendingIRQ                 0x00002630   Section        0  gpdma_lpc17xx.o(i.__NVIC_ClearPendingIRQ)
    __NVIC_ClearPendingIRQ                   0x00002631   Thumb Code    22  gpdma_lpc17xx.o(i.__NVIC_ClearPendingIRQ)
    i.__NVIC_EnableIRQ                       0x0000264c   Section        0  main.o(i.__NVIC_EnableIRQ)
    __NVIC_EnableIRQ                         0x0000264d   Thumb Code    26  main.o(i.__NVIC_EnableIRQ)
    i._is_digit                              0x00002666   Section        0  __printf_wp.o(i._is_digit)
    i.addNewDate                             0x00002674   Section        0  main.o(i.addNewDate)
    i.approve                                0x00002694   Section        0  main.o(i.approve)
    i.decodeDateTime                         0x00002848   Section        0  main.o(i.decodeDateTime)
    i.delay_ms                               0x00002898   Section        0  lcd_ili9325.o(i.delay_ms)
    i.drawBasicInterface                     0x000028b6   Section        0  main.o(i.drawBasicInterface)
    i.drawDateInTopRight                     0x0000295c   Section        0  main.o(i.drawDateInTopRight)
    i.drawLastOpenDates                      0x0000299c   Section        0  main.o(i.drawLastOpenDates)
    i.drawLetter                             0x00002a10   Section        0  main.o(i.drawLetter)
    i.drawLine                               0x00002a52   Section        0  main.o(i.drawLine)
    i.drawStar                               0x00002b24   Section        0  main.o(i.drawStar)
    i.drawString                             0x00002b7e   Section        0  main.o(i.drawString)
    i.drawSuccessfulOpenInterface            0x00002bac   Section        0  main.o(i.drawSuccessfulOpenInterface)
    i.drawWrongCodeOpenInterface             0x00002bfc   Section        0  main.o(i.drawWrongCodeOpenInterface)
    i.drawWrongDateInterface                 0x00002c88   Section        0  main.o(i.drawWrongDateInterface)
    i.encodeDateTime                         0x00002d1c   Section        0  main.o(i.encodeDateTime)
    i.firePixel                              0x00002d50   Section        0  main.o(i.firePixel)
    i.func                                   0x00002d74   Section        0  main.o(i.func)
    i.funcA                                  0x00002f04   Section        0  main.o(i.funcA)
    i.funcB                                  0x00002f0c   Section        0  main.o(i.funcB)
    i.funcC                                  0x00002f28   Section        0  main.o(i.funcC)
    i.funcD                                  0x00002f44   Section        0  main.o(i.funcD)
    i.funcE                                  0x00002f46   Section        0  main.o(i.funcE)
    i.funcF                                  0x00002f48   Section        0  main.o(i.funcF)
    i.getCode                                0x00002f64   Section        0  main.o(i.getCode)
    i.getDates                               0x00002f88   Section        0  main.o(i.getDates)
    i.get_day                                0x00002fa8   Section        0  main.o(i.get_day)
    i.get_hours                              0x00002fcc   Section        0  main.o(i.get_hours)
    i.get_minutes                            0x00002ff0   Section        0  main.o(i.get_minutes)
    i.get_month                              0x00003014   Section        0  main.o(i.get_month)
    i.get_year                               0x00003038   Section        0  main.o(i.get_year)
    i.initLcdConfiguration                   0x0000305c   Section        0  main.o(i.initLcdConfiguration)
    i.initRTC                                0x0000309c   Section        0  main.o(i.initRTC)
    i.initTimer1                             0x000030e8   Section        0  main.o(i.initTimer1)
    i.init_ILI9325                           0x00003124   Section        0  lcd_ili9325.o(i.init_ILI9325)
    i.initialize                             0x000032f8   Section        0  main.o(i.initialize)
    i.initializeKeyboard                     0x0000336c   Section        0  main.o(i.initializeKeyboard)
    i.initializeUART2                        0x000033d8   Section        0  main.o(i.initializeUART2)
    i.lcdConfiguration                       0x0000341c   Section        0  open1768_lcd.o(i.lcdConfiguration)
    i.lcdRead                                0x00003444   Section        0  open1768_lcd.o(i.lcdRead)
    i.lcdReadData                            0x00003490   Section        0  open1768_lcd.o(i.lcdReadData)
    i.lcdReadReg                             0x000034c8   Section        0  open1768_lcd.o(i.lcdReadReg)
    i.lcdSend                                0x000034dc   Section        0  open1768_lcd.o(i.lcdSend)
    i.lcdWriteData                           0x00003508   Section        0  open1768_lcd.o(i.lcdWriteData)
    i.lcdWriteIndex                          0x00003540   Section        0  open1768_lcd.o(i.lcdWriteIndex)
    i.lcdWriteReg                            0x00003580   Section        0  open1768_lcd.o(i.lcdWriteReg)
    i.main                                   0x00003594   Section        0  main.o(i.main)
    i.processInput                           0x000035b8   Section        0  main.o(i.processInput)
    i.readKeyboard                           0x0000365c   Section        0  main.o(i.readKeyboard)
    i.resetCodeTab                           0x00003728   Section        0  main.o(i.resetCodeTab)
    i.resetDateTab                           0x0000374c   Section        0  main.o(i.resetDateTab)
    i.setAutoIncrementBackground             0x00003770   Section        0  main.o(i.setAutoIncrementBackground)
    i.setCode                                0x000037bc   Section        0  main.o(i.setCode)
    i.setNewCodeInterface                    0x000037ec   Section        0  main.o(i.setNewCodeInterface)
    i.setNewCodeSuccessfulInterface          0x000038a4   Section        0  main.o(i.setNewCodeSuccessfulInterface)
    i.setNewDateInterface                    0x00003904   Section        0  main.o(i.setNewDateInterface)
    i.setNewDateInterfaceSuccessful          0x00003a18   Section        0  main.o(i.setNewDateInterfaceSuccessful)
    i.set_day                                0x00003a80   Section        0  main.o(i.set_day)
    i.set_hours                              0x00003ab0   Section        0  main.o(i.set_hours)
    i.set_minutes                            0x00003ae0   Section        0  main.o(i.set_minutes)
    i.set_month                              0x00003b10   Section        0  main.o(i.set_month)
    i.set_years                              0x00003b40   Section        0  main.o(i.set_years)
    i.validateCode                           0x00003b70   Section        0  main.o(i.validateCode)
    i.wait                                   0x00003bd8   Section        0  main.o(i.wait)
    i.wait_delay                             0x00003bf0   Section        0  open1768_lcd.o(i.wait_delay)
    .constdata                               0x00003c02   Section     3040  asciilib.o(.constdata)
    AsciiLib                                 0x00003c02   Data        3040  asciilib.o(.constdata)
    .constdata                               0x000047e4   Section       20  app.o(.constdata)
    .constdata                               0x000047f8   Section      468  uart_lpc17xx.o(.constdata)
    usart_driver_version                     0x000047f8   Data           4  uart_lpc17xx.o(.constdata)
    fract_div_lookup_table                   0x000047fc   Data         288  uart_lpc17xx.o(.constdata)
    USART1_pin_tx                            0x0000491c   Data           2  uart_lpc17xx.o(.constdata)
    USART1_pin_rx                            0x0000491e   Data           2  uart_lpc17xx.o(.constdata)
    USART1_DMA_Tx                            0x00004920   Data           8  uart_lpc17xx.o(.constdata)
    USART1_DMA_Rx                            0x00004928   Data           8  uart_lpc17xx.o(.constdata)
    USART1_Resources                         0x00004930   Data         100  uart_lpc17xx.o(.constdata)
    .constdata                               0x000049cc   Section       17  __printf_flags_wp.o(.constdata)
    maptable                                 0x000049cc   Data          17  __printf_flags_wp.o(.constdata)
    STACK                                    0x10000000   Section      512  startup_lpc17xx.o(STACK)
    Stack_Mem                                0x10000000   Data         512  startup_lpc17xx.o(STACK)
    __initial_sp                             0x10000200   Data           0  startup_lpc17xx.o(STACK)
    .data                                    0x2007c000   Section       40  main.o(.data)
    USARTdrv                                 0x2007c000   Data           4  main.o(.data)
    .data                                    0x2007c028   Section       34  app.o(.data)
    .data                                    0x2007c04c   Section        8  gpdma_lpc17xx.o(.data)
    Channel_active                           0x2007c04c   Data           4  gpdma_lpc17xx.o(.data)
    Init_cnt                                 0x2007c050   Data           4  gpdma_lpc17xx.o(.data)
    .data                                    0x2007c054   Section        4  system_lpc17xx.o(.data)
    .bss                                     0x2007c058   Section      112  main.o(.bss)
    .bss                                     0x2007c0c8   Section       52  uart_lpc17xx.o(.bss)
    USART1_Info                              0x2007c0c8   Data          52  uart_lpc17xx.o(.bss)
    .bss                                     0x2007c0fc   Section      160  gpdma_lpc17xx.o(.bss)
    Channel_info                             0x2007c0fc   Data         160  gpdma_lpc17xx.o(.bss)
    .bss                                     0x2007c19c   Section       96  libspace.o(.bss)
    HEAP                                     0x2007c200   Section        0  startup_lpc17xx.o(HEAP)
    Heap_Mem                                 0x2007c200   Data           0  startup_lpc17xx.o(HEAP)

    Global Symbols

    Symbol Name                              Value     Ov Type        Size  Object(Section)

    BuildAttributes$$THM_ISAv4$P$D$K$B$S$PE$A:L22UL41UL21$X:L11$S22US41US21$IEEE1$IW$USESV6$~STKCKD$USESV7$~SHL$OSPACE$ROPI$EBA8$UX$STANDARDLIB$REQ8$PRES8$EABIv2 0x00000000   Number         0  anon$$obj.o ABSOLUTE
    __ARM_use_no_argv                        0x00000000   Number         0  main.o ABSOLUTE
    __Vectors                                0x00000000   Data           4  startup_lpc17xx.o(RESET)
    _printf_flags                            0x00000000   Number         0  printf_stubs.o ABSOLUTE
    _printf_return_value                     0x00000000   Number         0  printf_stubs.o ABSOLUTE
    _printf_sizespec                         0x00000000   Number         0  printf_stubs.o ABSOLUTE
    _printf_widthprec                        0x00000000   Number         0  printf_stubs.o ABSOLUTE
    __ARM_exceptions_init                     - Undefined Weak Reference
    __alloca_initialize                       - Undefined Weak Reference
    __arm_preinit_                            - Undefined Weak Reference
    __cpp_initialize__aeabi_                  - Undefined Weak Reference
    __cxa_finalize                            - Undefined Weak Reference
    __rt_locale                               - Undefined Weak Reference
    __sigvec_lookup                           - Undefined Weak Reference
    _atexit_init                              - Undefined Weak Reference
    _call_atexit_fns                          - Undefined Weak Reference
    _clock_init                               - Undefined Weak Reference
    _fp_trap_init                             - Undefined Weak Reference
    _fp_trap_shutdown                         - Undefined Weak Reference
    _get_lc_collate                           - Undefined Weak Reference
    _get_lc_ctype                             - Undefined Weak Reference
    _get_lc_monetary                          - Undefined Weak Reference
    _get_lc_numeric                           - Undefined Weak Reference
    _get_lc_time                              - Undefined Weak Reference
    _getenv_init                              - Undefined Weak Reference
    _handle_redirection                       - Undefined Weak Reference
    _init_alloc                               - Undefined Weak Reference
    _init_user_alloc                          - Undefined Weak Reference
    _initio                                   - Undefined Weak Reference
    _printf_truncate_signed                   - Undefined Weak Reference
    _printf_truncate_unsigned                 - Undefined Weak Reference
    _rand_init                                - Undefined Weak Reference
    _signal_finish                            - Undefined Weak Reference
    _signal_init                              - Undefined Weak Reference
    _terminate_alloc                          - Undefined Weak Reference
    _terminate_user_alloc                     - Undefined Weak Reference
    _terminateio                              - Undefined Weak Reference
    __main                                   0x000000cd   Thumb Code     8  __main.o(!!!main)
    __scatterload                            0x000000d5   Thumb Code     0  __scatter.o(!!!scatter)
    __scatterload_rt2                        0x000000d5   Thumb Code    44  __scatter.o(!!!scatter)
    __scatterload_rt2_thumb_only             0x000000d5   Thumb Code     0  __scatter.o(!!!scatter)
    __scatterload_null                       0x000000e3   Thumb Code     0  __scatter.o(!!!scatter)
    __scatterload_copy                       0x00000109   Thumb Code    26  __scatter_copy.o(!!handler_copy)
    __scatterload_zeroinit                   0x00000125   Thumb Code    28  __scatter_zi.o(!!handler_zi)
    _printf_d                                0x00000141   Thumb Code     0  _printf_d.o(.ARM.Collect$$_printf_percent$$00000009)
    _printf_percent                          0x00000141   Thumb Code     0  _printf_percent.o(.ARM.Collect$$_printf_percent$$00000000)
    _printf_percent_end                      0x00000147   Thumb Code     0  _printf_percent_end.o(.ARM.Collect$$_printf_percent$$00000017)
    __rt_lib_init                            0x0000014b   Thumb Code     0  libinit.o(.ARM.Collect$$libinit$$00000000)
    __rt_lib_init_alloca_1                   0x0000014d   Thumb Code     0  libinit2.o(.ARM.Collect$$libinit$$0000002E)
    __rt_lib_init_argv_1                     0x0000014d   Thumb Code     0  libinit2.o(.ARM.Collect$$libinit$$0000002C)
    __rt_lib_init_atexit_1                   0x0000014d   Thumb Code     0  libinit2.o(.ARM.Collect$$libinit$$0000001B)
    __rt_lib_init_clock_1                    0x0000014d   Thumb Code     0  libinit2.o(.ARM.Collect$$libinit$$00000021)
    __rt_lib_init_cpp_1                      0x0000014d   Thumb Code     0  libinit2.o(.ARM.Collect$$libinit$$00000032)
    __rt_lib_init_exceptions_1               0x0000014d   Thumb Code     0  libinit2.o(.ARM.Collect$$libinit$$00000030)
    __rt_lib_init_fp_1                       0x0000014d   Thumb Code     0  libinit2.o(.ARM.Collect$$libinit$$00000002)
    __rt_lib_init_fp_trap_1                  0x0000014d   Thumb Code     0  libinit2.o(.ARM.Collect$$libinit$$0000001F)
    __rt_lib_init_getenv_1                   0x0000014d   Thumb Code     0  libinit2.o(.ARM.Collect$$libinit$$00000023)
    __rt_lib_init_heap_1                     0x0000014d   Thumb Code     0  libinit2.o(.ARM.Collect$$libinit$$0000000A)
    __rt_lib_init_lc_collate_1               0x0000014d   Thumb Code     0  libinit2.o(.ARM.Collect$$libinit$$00000011)
    __rt_lib_init_lc_ctype_1                 0x0000014d   Thumb Code     0  libinit2.o(.ARM.Collect$$libinit$$00000013)
    __rt_lib_init_lc_monetary_1              0x0000014d   Thumb Code     0  libinit2.o(.ARM.Collect$$libinit$$00000015)
    __rt_lib_init_lc_numeric_1               0x0000014d   Thumb Code     0  libinit2.o(.ARM.Collect$$libinit$$00000017)
    __rt_lib_init_lc_time_1                  0x0000014d   Thumb Code     0  libinit2.o(.ARM.Collect$$libinit$$00000019)
    __rt_lib_init_preinit_1                  0x0000014d   Thumb Code     0  libinit2.o(.ARM.Collect$$libinit$$00000004)
    __rt_lib_init_rand_1                     0x0000014d   Thumb Code     0  libinit2.o(.ARM.Collect$$libinit$$0000000E)
    __rt_lib_init_return                     0x0000014d   Thumb Code     0  libinit2.o(.ARM.Collect$$libinit$$00000033)
    __rt_lib_init_signal_1                   0x0000014d   Thumb Code     0  libinit2.o(.ARM.Collect$$libinit$$0000001D)
    __rt_lib_init_stdio_1                    0x0000014d   Thumb Code     0  libinit2.o(.ARM.Collect$$libinit$$00000025)
    __rt_lib_init_user_alloc_1               0x0000014d   Thumb Code     0  libinit2.o(.ARM.Collect$$libinit$$0000000C)
    __rt_lib_shutdown                        0x0000014f   Thumb Code     0  libshutdown.o(.ARM.Collect$$libshutdown$$00000000)
    __rt_lib_shutdown_cpp_1                  0x00000151   Thumb Code     0  libshutdown2.o(.ARM.Collect$$libshutdown$$00000002)
    __rt_lib_shutdown_fp_trap_1              0x00000151   Thumb Code     0  libshutdown2.o(.ARM.Collect$$libshutdown$$00000007)
    __rt_lib_shutdown_heap_1                 0x00000151   Thumb Code     0  libshutdown2.o(.ARM.Collect$$libshutdown$$0000000F)
    __rt_lib_shutdown_return                 0x00000151   Thumb Code     0  libshutdown2.o(.ARM.Collect$$libshutdown$$00000010)
    __rt_lib_shutdown_signal_1               0x00000151   Thumb Code     0  libshutdown2.o(.ARM.Collect$$libshutdown$$0000000A)
    __rt_lib_shutdown_stdio_1                0x00000151   Thumb Code     0  libshutdown2.o(.ARM.Collect$$libshutdown$$00000004)
    __rt_lib_shutdown_user_alloc_1           0x00000151   Thumb Code     0  libshutdown2.o(.ARM.Collect$$libshutdown$$0000000C)
    __rt_entry                               0x00000153   Thumb Code     0  __rtentry.o(.ARM.Collect$$rtentry$$00000000)
    __rt_entry_presh_1                       0x00000153   Thumb Code     0  __rtentry2.o(.ARM.Collect$$rtentry$$00000002)
    __rt_entry_sh                            0x00000153   Thumb Code     0  __rtentry4.o(.ARM.Collect$$rtentry$$00000004)
    __rt_entry_li                            0x00000159   Thumb Code     0  __rtentry2.o(.ARM.Collect$$rtentry$$0000000A)
    __rt_entry_postsh_1                      0x00000159   Thumb Code     0  __rtentry2.o(.ARM.Collect$$rtentry$$00000009)
    __rt_entry_main                          0x0000015d   Thumb Code     0  __rtentry2.o(.ARM.Collect$$rtentry$$0000000D)
    __rt_entry_postli_1                      0x0000015d   Thumb Code     0  __rtentry2.o(.ARM.Collect$$rtentry$$0000000C)
    __rt_exit                                0x00000165   Thumb Code     0  rtexit.o(.ARM.Collect$$rtexit$$00000000)
    __rt_exit_ls                             0x00000167   Thumb Code     0  rtexit2.o(.ARM.Collect$$rtexit$$00000003)
    __rt_exit_prels_1                        0x00000167   Thumb Code     0  rtexit2.o(.ARM.Collect$$rtexit$$00000002)
    __rt_exit_exit                           0x0000016b   Thumb Code     0  rtexit2.o(.ARM.Collect$$rtexit$$00000004)
    Reset_Handler                            0x00000171   Thumb Code     8  startup_lpc17xx.o(.text)
    NMI_Handler                              0x00000179   Thumb Code     2  startup_lpc17xx.o(.text)
    HardFault_Handler                        0x0000017b   Thumb Code     2  startup_lpc17xx.o(.text)
    MemManage_Handler                        0x0000017d   Thumb Code     2  startup_lpc17xx.o(.text)
    BusFault_Handler                         0x0000017f   Thumb Code     2  startup_lpc17xx.o(.text)
    UsageFault_Handler                       0x00000181   Thumb Code     2  startup_lpc17xx.o(.text)
    SVC_Handler                              0x00000183   Thumb Code     2  startup_lpc17xx.o(.text)
    DebugMon_Handler                         0x00000185   Thumb Code     2  startup_lpc17xx.o(.text)
    PendSV_Handler                           0x00000187   Thumb Code     2  startup_lpc17xx.o(.text)
    ADC_IRQHandler                           0x0000018b   Thumb Code     0  startup_lpc17xx.o(.text)
    BOD_IRQHandler                           0x0000018b   Thumb Code     0  startup_lpc17xx.o(.text)
    CANActivity_IRQHandler                   0x0000018b   Thumb Code     0  startup_lpc17xx.o(.text)
    CAN_IRQHandler                           0x0000018b   Thumb Code     0  startup_lpc17xx.o(.text)
    EINT0_IRQHandler                         0x0000018b   Thumb Code     0  startup_lpc17xx.o(.text)
    EINT1_IRQHandler                         0x0000018b   Thumb Code     0  startup_lpc17xx.o(.text)
    EINT2_IRQHandler                         0x0000018b   Thumb Code     0  startup_lpc17xx.o(.text)
    ENET_IRQHandler                          0x0000018b   Thumb Code     0  startup_lpc17xx.o(.text)
    I2C0_IRQHandler                          0x0000018b   Thumb Code     0  startup_lpc17xx.o(.text)
    I2C1_IRQHandler                          0x0000018b   Thumb Code     0  startup_lpc17xx.o(.text)
    I2C2_IRQHandler                          0x0000018b   Thumb Code     0  startup_lpc17xx.o(.text)
    I2S_IRQHandler                           0x0000018b   Thumb Code     0  startup_lpc17xx.o(.text)
    MCPWM_IRQHandler                         0x0000018b   Thumb Code     0  startup_lpc17xx.o(.text)
    PLL0_IRQHandler                          0x0000018b   Thumb Code     0  startup_lpc17xx.o(.text)
    PLL1_IRQHandler                          0x0000018b   Thumb Code     0  startup_lpc17xx.o(.text)
    PWM1_IRQHandler                          0x0000018b   Thumb Code     0  startup_lpc17xx.o(.text)
    QEI_IRQHandler                           0x0000018b   Thumb Code     0  startup_lpc17xx.o(.text)
    RIT_IRQHandler                           0x0000018b   Thumb Code     0  startup_lpc17xx.o(.text)
    RTC_IRQHandler                           0x0000018b   Thumb Code     0  startup_lpc17xx.o(.text)
    SPI_IRQHandler                           0x0000018b   Thumb Code     0  startup_lpc17xx.o(.text)
    SSP0_IRQHandler                          0x0000018b   Thumb Code     0  startup_lpc17xx.o(.text)
    SSP1_IRQHandler                          0x0000018b   Thumb Code     0  startup_lpc17xx.o(.text)
    TIMER0_IRQHandler                        0x0000018b   Thumb Code     0  startup_lpc17xx.o(.text)
    TIMER2_IRQHandler                        0x0000018b   Thumb Code     0  startup_lpc17xx.o(.text)
    TIMER3_IRQHandler                        0x0000018b   Thumb Code     0  startup_lpc17xx.o(.text)
    UART0_IRQHandler                         0x0000018b   Thumb Code     0  startup_lpc17xx.o(.text)
    UART2_IRQHandler                         0x0000018b   Thumb Code     0  startup_lpc17xx.o(.text)
    UART3_IRQHandler                         0x0000018b   Thumb Code     0  startup_lpc17xx.o(.text)
    USBActivity_IRQHandler                   0x0000018b   Thumb Code     0  startup_lpc17xx.o(.text)
    USB_IRQHandler                           0x0000018b   Thumb Code     0  startup_lpc17xx.o(.text)
    WDT_IRQHandler                           0x0000018b   Thumb Code     0  startup_lpc17xx.o(.text)
    __user_initial_stackheap                 0x0000018d   Thumb Code     0  startup_lpc17xx.o(.text)
    __aeabi_uldivmod                         0x000001ad   Thumb Code     0  lludivv7m.o(.text)
    _ll_udiv                                 0x000001ad   Thumb Code   238  lludivv7m.o(.text)
    __2sprintf                               0x0000029d   Thumb Code    34  noretval__2sprintf.o(.text)
    __use_two_region_memory                  0x000002c5   Thumb Code     2  heapauxi.o(.text)
    __rt_heap_escrow$2region                 0x000002c7   Thumb Code     2  heapauxi.o(.text)
    __rt_heap_expand$2region                 0x000002c9   Thumb Code     2  heapauxi.o(.text)
    _printf_char_common                      0x000002d7   Thumb Code    32  _printf_char_common.o(.text)
    _printf_pre_padding                      0x00000301   Thumb Code    44  _printf_pad.o(.text)
    _printf_post_padding                     0x0000032d   Thumb Code    34  _printf_pad.o(.text)
    _printf_int_dec                          0x00000351   Thumb Code   104  _printf_dec.o(.text)
    __printf                                 0x000003c9   Thumb Code   308  __printf_flags_wp.o(.text)
    strlen                                   0x00000501   Thumb Code    62  strlen.o(.text)
    __aeabi_memcpy                           0x0000053f   Thumb Code     0  rt_memcpy_v6.o(.text)
    __rt_memcpy                              0x0000053f   Thumb Code   138  rt_memcpy_v6.o(.text)
    _memcpy_lastbytes                        0x000005a5   Thumb Code     0  rt_memcpy_v6.o(.text)
    _printf_int_common                       0x000005c9   Thumb Code   178  _printf_intcommon.o(.text)
    _sputc                                   0x0000067b   Thumb Code    10  _sputc.o(.text)
    __aeabi_memcpy4                          0x00000685   Thumb Code     0  rt_memcpy_w.o(.text)
    __aeabi_memcpy8                          0x00000685   Thumb Code     0  rt_memcpy_w.o(.text)
    __rt_memcpy_w                            0x00000685   Thumb Code   100  rt_memcpy_w.o(.text)
    _memcpy_lastbytes_aligned                0x000006cd   Thumb Code     0  rt_memcpy_w.o(.text)
    __user_setup_stackheap                   0x000006e9   Thumb Code    74  sys_stackheap_outer.o(.text)
    exit                                     0x00000733   Thumb Code    18  exit.o(.text)
    __user_libspace                          0x00000745   Thumb Code     8  libspace.o(.text)
    __user_perproc_libspace                  0x00000745   Thumb Code     0  libspace.o(.text)
    __user_perthread_libspace                0x00000745   Thumb Code     0  libspace.o(.text)
    _sys_exit                                0x0000074d   Thumb Code     8  sys_exit.o(.text)
    __I$use$semihosting                      0x00000759   Thumb Code     0  use_no_semi.o(.text)
    __use_no_semihosting_swi                 0x00000759   Thumb Code     2  use_no_semi.o(.text)
    __semihosting_library_function           0x0000075b   Thumb Code     0  indicate_semi.o(.text)
    DMA_IRQHandler                           0x0000077d   Thumb Code   372  gpdma_lpc17xx.o(i.DMA_IRQHandler)
    EINT3_IRQHandler                         0x000008fd   Thumb Code    56  main.o(i.EINT3_IRQHandler)
    GPDMA_ChannelConfigure                   0x00000945   Thumb Code   232  gpdma_lpc17xx.o(i.GPDMA_ChannelConfigure)
    GPDMA_ChannelDisable                     0x00000a39   Thumb Code    44  gpdma_lpc17xx.o(i.GPDMA_ChannelDisable)
    GPDMA_ChannelGetCount                    0x00000a69   Thumb Code    38  gpdma_lpc17xx.o(i.GPDMA_ChannelGetCount)
    GPDMA_Initialize                         0x00000a99   Thumb Code   146  gpdma_lpc17xx.o(i.GPDMA_Initialize)
    GPDMA_PeripheralSelect                   0x00000b41   Thumb Code    62  gpdma_lpc17xx.o(i.GPDMA_PeripheralSelect)
    GPDMA_Uninitialize                       0x00000b85   Thumb Code   116  gpdma_lpc17xx.o(i.GPDMA_Uninitialize)
    GetASCIICode                             0x00000c05   Thumb Code    40  asciilib.o(i.GetASCIICode)
    PIN_Configure                            0x00000c75   Thumb Code   246  pin_lpc17xx.o(i.PIN_Configure)
    SysTick_Handler                          0x00000da9   Thumb Code    12  main.o(i.SysTick_Handler)
    SystemInit                               0x00000db9   Thumb Code   302  system_lpc17xx.o(i.SystemInit)
    TIMER1_IRQHandler                        0x00000ef9   Thumb Code    86  main.o(i.TIMER1_IRQHandler)
    UART1_IRQHandler                         0x00000f81   Thumb Code    10  uart_lpc17xx.o(i.UART1_IRQHandler)
    UART_SEND                                0x00000f91   Thumb Code    20  main.o(i.UART_SEND)
    USART1_GPDMA_Rx_Event                    0x00000fc1   Thumb Code    14  uart_lpc17xx.o(i.USART1_GPDMA_Rx_Event)
    USART1_GPDMA_Tx_Event                    0x00000fd5   Thumb Code    14  uart_lpc17xx.o(i.USART1_GPDMA_Tx_Event)
    USART_SetBaudrate                        0x000022d5   Thumb Code   302  uart_lpc17xx.o(i.USART_SetBaudrate)
    _is_digit                                0x00002667   Thumb Code    14  __printf_wp.o(i._is_digit)
    addNewDate                               0x00002675   Thumb Code    26  main.o(i.addNewDate)
    approve                                  0x00002695   Thumb Code   396  main.o(i.approve)
    decodeDateTime                           0x00002849   Thumb Code    52  main.o(i.decodeDateTime)
    delay_ms                                 0x00002899   Thumb Code    30  lcd_ili9325.o(i.delay_ms)
    drawBasicInterface                       0x000028b7   Thumb Code   166  main.o(i.drawBasicInterface)
    drawDateInTopRight                       0x0000295d   Thumb Code    46  main.o(i.drawDateInTopRight)
    drawLastOpenDates                        0x0000299d   Thumb Code    96  main.o(i.drawLastOpenDates)
    drawLetter                               0x00002a11   Thumb Code    66  main.o(i.drawLetter)
    drawLine                                 0x00002a53   Thumb Code   210  main.o(i.drawLine)
    drawStar                                 0x00002b25   Thumb Code    90  main.o(i.drawStar)
    drawString                               0x00002b7f   Thumb Code    46  main.o(i.drawString)
    drawSuccessfulOpenInterface              0x00002bad   Thumb Code    72  main.o(i.drawSuccessfulOpenInterface)
    drawWrongCodeOpenInterface               0x00002bfd   Thumb Code    92  main.o(i.drawWrongCodeOpenInterface)
    drawWrongDateInterface                   0x00002c89   Thumb Code    92  main.o(i.drawWrongDateInterface)
    encodeDateTime                           0x00002d1d   Thumb Code    52  main.o(i.encodeDateTime)
    firePixel                                0x00002d51   Thumb Code    34  main.o(i.firePixel)
    func                                     0x00002d75   Thumb Code   378  main.o(i.func)
    funcA                                    0x00002f05   Thumb Code     8  main.o(i.funcA)
    funcB                                    0x00002f0d   Thumb Code    22  main.o(i.funcB)
    funcC                                    0x00002f29   Thumb Code    22  main.o(i.funcC)
    funcD                                    0x00002f45   Thumb Code     2  main.o(i.funcD)
    funcE                                    0x00002f47   Thumb Code     2  main.o(i.funcE)
    funcF                                    0x00002f49   Thumb Code    22  main.o(i.funcF)
    getCode                                  0x00002f65   Thumb Code    30  main.o(i.getCode)
    getDates                                 0x00002f89   Thumb Code    26  main.o(i.getDates)
    get_day                                  0x00002fa9   Thumb Code    16  main.o(i.get_day)
    get_hours                                0x00002fcd   Thumb Code    16  main.o(i.get_hours)
    get_minutes                              0x00002ff1   Thumb Code    16  main.o(i.get_minutes)
    get_month                                0x00003015   Thumb Code    16  main.o(i.get_month)
    get_year                                 0x00003039   Thumb Code    16  main.o(i.get_year)
    initLcdConfiguration                     0x0000305d   Thumb Code    46  main.o(i.initLcdConfiguration)
    initRTC                                  0x0000309d   Thumb Code    48  main.o(i.initRTC)
    initTimer1                               0x000030e9   Thumb Code    36  main.o(i.initTimer1)
    init_ILI9325                             0x00003125   Thumb Code   468  lcd_ili9325.o(i.init_ILI9325)
    initialize                               0x000032f9   Thumb Code   102  main.o(i.initialize)
    initializeKeyboard                       0x0000336d   Thumb Code    94  main.o(i.initializeKeyboard)
    initializeUART2                          0x000033d9   Thumb Code    62  main.o(i.initializeUART2)
    lcdConfiguration                         0x0000341d   Thumb Code    36  open1768_lcd.o(i.lcdConfiguration)
    lcdRead                                  0x00003445   Thumb Code    70  open1768_lcd.o(i.lcdRead)
    lcdReadData                              0x00003491   Thumb Code    50  open1768_lcd.o(i.lcdReadData)
    lcdReadReg                               0x000034c9   Thumb Code    20  open1768_lcd.o(i.lcdReadReg)
    lcdSend                                  0x000034dd   Thumb Code    40  open1768_lcd.o(i.lcdSend)
    lcdWriteData                             0x00003509   Thumb Code    50  open1768_lcd.o(i.lcdWriteData)
    lcdWriteIndex                            0x00003541   Thumb Code    60  open1768_lcd.o(i.lcdWriteIndex)
    lcdWriteReg                              0x00003581   Thumb Code    20  open1768_lcd.o(i.lcdWriteReg)
    main                                     0x00003595   Thumb Code    26  main.o(i.main)
    processInput                             0x000035b9   Thumb Code   164  main.o(i.processInput)
    readKeyboard                             0x0000365d   Thumb Code   176  main.o(i.readKeyboard)
    resetCodeTab                             0x00003729   Thumb Code    28  main.o(i.resetCodeTab)
    resetDateTab                             0x0000374d   Thumb Code    28  main.o(i.resetDateTab)
    setAutoIncrementBackground               0x00003771   Thumb Code    74  main.o(i.setAutoIncrementBackground)
    setCode                                  0x000037bd   Thumb Code    42  main.o(i.setCode)
    setNewCodeInterface                      0x000037ed   Thumb Code   168  main.o(i.setNewCodeInterface)
    setNewCodeSuccessfulInterface            0x000038a5   Thumb Code    72  main.o(i.setNewCodeSuccessfulInterface)
    setNewDateInterface                      0x00003905   Thumb Code   202  main.o(i.setNewDateInterface)
    setNewDateInterfaceSuccessful            0x00003a19   Thumb Code    72  main.o(i.setNewDateInterfaceSuccessful)
    set_day                                  0x00003a81   Thumb Code    22  main.o(i.set_day)
    set_hours                                0x00003ab1   Thumb Code    22  main.o(i.set_hours)
    set_minutes                              0x00003ae1   Thumb Code    22  main.o(i.set_minutes)
    set_month                                0x00003b11   Thumb Code    22  main.o(i.set_month)
    set_years                                0x00003b41   Thumb Code    22  main.o(i.set_years)
    validateCode                             0x00003b71   Thumb Code    80  main.o(i.validateCode)
    wait                                     0x00003bd9   Thumb Code    18  main.o(i.wait)
    wait_delay                               0x00003bf1   Thumb Code    18  open1768_lcd.o(i.wait_delay)
    debounceDelay                            0x000047e4   Data           4  app.o(.constdata)
    keypadChars                              0x000047e8   Data          16  app.o(.constdata)
    Driver_USART1                            0x00004994   Data          56  uart_lpc17xx.o(.constdata)
    Region$$Table$$Base                      0x000049e0   Number         0  anon$$obj.o(Region$$Table)
    Region$$Table$$Limit                     0x00004a10   Number         0  anon$$obj.o(Region$$Table)
    minutes                                  0x2007c004   Data           4  main.o(.data)
    hours                                    0x2007c008   Data           4  main.o(.data)
    months                                   0x2007c00c   Data           4  main.o(.data)
    years                                    0x2007c010   Data           4  main.o(.data)
    days                                     0x2007c014   Data           4  main.o(.data)
    actualInterface                          0x2007c018   Data           4  main.o(.data)
    codeTabId                                0x2007c01c   Data           4  main.o(.data)
    newDateTabId                             0x2007c020   Data           4  main.o(.data)
    lastDebounce                             0x2007c024   Data           4  main.o(.data)
    x_wsk                                    0x2007c028   Data           4  app.o(.data)
    y_wsk                                    0x2007c02c   Data           4  app.o(.data)
    msTicks                                  0x2007c030   Data           4  app.o(.data)
    lastScreenDebounce                       0x2007c034   Data           4  app.o(.data)
    wasInterupted                            0x2007c038   Data           1  app.o(.data)
    keyPresses                               0x2007c039   Data          16  app.o(.data)
    stroke                                   0x2007c049   Data           1  app.o(.data)
    SystemCoreClock                          0x2007c054   Data           4  system_lpc17xx.o(.data)
    date                                     0x2007c058   Data          30  main.o(.bss)
    codeTab                                  0x2007c078   Data          16  main.o(.bss)
    newDateTab                               0x2007c088   Data          48  main.o(.bss)
    aktualnyKod                              0x2007c0b8   Data          16  main.o(.bss)
    __libspace_start                         0x2007c19c   Data          96  libspace.o(.bss)
    __temporary_stack_top$libspace           0x2007c1fc   Data           0  libspace.o(.bss)



==============================================================================

Memory Map of the image

  Image Entry point : 0x000000cd

  Load Region LR_IROM1 (Base: 0x00000000, Size: 0x00004a68, Max: 0x00080000, ABSOLUTE)

    Execution Region ER_IROM1 (Exec base: 0x00000000, Load base: 0x00000000, Size: 0x00004a10, Max: 0x00080000, ABSOLUTE)

    Exec Addr    Load Addr    Size         Type   Attr      Idx    E Section Name        Object

    0x00000000   0x00000000   0x000000cc   Data   RO         1156    RESET               startup_lpc17xx.o
    0x000000cc   0x000000cc   0x00000008   Code   RO         1242  * !!!main             c_w.l(__main.o)
    0x000000d4   0x000000d4   0x00000034   Code   RO         1420    !!!scatter          c_w.l(__scatter.o)
    0x00000108   0x00000108   0x0000001a   Code   RO         1422    !!handler_copy      c_w.l(__scatter_copy.o)
    0x00000122   0x00000122   0x00000002   PAD
    0x00000124   0x00000124   0x0000001c   Code   RO         1424    !!handler_zi        c_w.l(__scatter_zi.o)
    0x00000140   0x00000140   0x00000000   Code   RO         1235    .ARM.Collect$$_printf_percent$$00000000  c_w.l(_printf_percent.o)
    0x00000140   0x00000140   0x00000006   Code   RO         1234    .ARM.Collect$$_printf_percent$$00000009  c_w.l(_printf_d.o)
    0x00000146   0x00000146   0x00000004   Code   RO         1255    .ARM.Collect$$_printf_percent$$00000017  c_w.l(_printf_percent_end.o)
    0x0000014a   0x0000014a   0x00000002   Code   RO         1290    .ARM.Collect$$libinit$$00000000  c_w.l(libinit.o)
    0x0000014c   0x0000014c   0x00000000   Code   RO         1303    .ARM.Collect$$libinit$$00000002  c_w.l(libinit2.o)
    0x0000014c   0x0000014c   0x00000000   Code   RO         1305    .ARM.Collect$$libinit$$00000004  c_w.l(libinit2.o)
    0x0000014c   0x0000014c   0x00000000   Code   RO         1308    .ARM.Collect$$libinit$$0000000A  c_w.l(libinit2.o)
    0x0000014c   0x0000014c   0x00000000   Code   RO         1310    .ARM.Collect$$libinit$$0000000C  c_w.l(libinit2.o)
    0x0000014c   0x0000014c   0x00000000   Code   RO         1312    .ARM.Collect$$libinit$$0000000E  c_w.l(libinit2.o)
    0x0000014c   0x0000014c   0x00000000   Code   RO         1315    .ARM.Collect$$libinit$$00000011  c_w.l(libinit2.o)
    0x0000014c   0x0000014c   0x00000000   Code   RO         1317    .ARM.Collect$$libinit$$00000013  c_w.l(libinit2.o)
    0x0000014c   0x0000014c   0x00000000   Code   RO         1319    .ARM.Collect$$libinit$$00000015  c_w.l(libinit2.o)
    0x0000014c   0x0000014c   0x00000000   Code   RO         1321    .ARM.Collect$$libinit$$00000017  c_w.l(libinit2.o)
    0x0000014c   0x0000014c   0x00000000   Code   RO         1323    .ARM.Collect$$libinit$$00000019  c_w.l(libinit2.o)
    0x0000014c   0x0000014c   0x00000000   Code   RO         1325    .ARM.Collect$$libinit$$0000001B  c_w.l(libinit2.o)
    0x0000014c   0x0000014c   0x00000000   Code   RO         1327    .ARM.Collect$$libinit$$0000001D  c_w.l(libinit2.o)
    0x0000014c   0x0000014c   0x00000000   Code   RO         1329    .ARM.Collect$$libinit$$0000001F  c_w.l(libinit2.o)
    0x0000014c   0x0000014c   0x00000000   Code   RO         1331    .ARM.Collect$$libinit$$00000021  c_w.l(libinit2.o)
    0x0000014c   0x0000014c   0x00000000   Code   RO         1333    .ARM.Collect$$libinit$$00000023  c_w.l(libinit2.o)
    0x0000014c   0x0000014c   0x00000000   Code   RO         1335    .ARM.Collect$$libinit$$00000025  c_w.l(libinit2.o)
    0x0000014c   0x0000014c   0x00000000   Code   RO         1339    .ARM.Collect$$libinit$$0000002C  c_w.l(libinit2.o)
    0x0000014c   0x0000014c   0x00000000   Code   RO         1341    .ARM.Collect$$libinit$$0000002E  c_w.l(libinit2.o)
    0x0000014c   0x0000014c   0x00000000   Code   RO         1343    .ARM.Collect$$libinit$$00000030  c_w.l(libinit2.o)
    0x0000014c   0x0000014c   0x00000000   Code   RO         1345    .ARM.Collect$$libinit$$00000032  c_w.l(libinit2.o)
    0x0000014c   0x0000014c   0x00000002   Code   RO         1346    .ARM.Collect$$libinit$$00000033  c_w.l(libinit2.o)
    0x0000014e   0x0000014e   0x00000002   Code   RO         1377    .ARM.Collect$$libshutdown$$00000000  c_w.l(libshutdown.o)
    0x00000150   0x00000150   0x00000000   Code   RO         1403    .ARM.Collect$$libshutdown$$00000002  c_w.l(libshutdown2.o)
    0x00000150   0x00000150   0x00000000   Code   RO         1405    .ARM.Collect$$libshutdown$$00000004  c_w.l(libshutdown2.o)
    0x00000150   0x00000150   0x00000000   Code   RO         1408    .ARM.Collect$$libshutdown$$00000007  c_w.l(libshutdown2.o)
    0x00000150   0x00000150   0x00000000   Code   RO         1411    .ARM.Collect$$libshutdown$$0000000A  c_w.l(libshutdown2.o)
    0x00000150   0x00000150   0x00000000   Code   RO         1413    .ARM.Collect$$libshutdown$$0000000C  c_w.l(libshutdown2.o)
    0x00000150   0x00000150   0x00000000   Code   RO         1416    .ARM.Collect$$libshutdown$$0000000F  c_w.l(libshutdown2.o)
    0x00000150   0x00000150   0x00000002   Code   RO         1417    .ARM.Collect$$libshutdown$$00000010  c_w.l(libshutdown2.o)
    0x00000152   0x00000152   0x00000000   Code   RO         1244    .ARM.Collect$$rtentry$$00000000  c_w.l(__rtentry.o)
    0x00000152   0x00000152   0x00000000   Code   RO         1259    .ARM.Collect$$rtentry$$00000002  c_w.l(__rtentry2.o)
    0x00000152   0x00000152   0x00000006   Code   RO         1271    .ARM.Collect$$rtentry$$00000004  c_w.l(__rtentry4.o)
    0x00000158   0x00000158   0x00000000   Code   RO         1261    .ARM.Collect$$rtentry$$00000009  c_w.l(__rtentry2.o)
    0x00000158   0x00000158   0x00000004   Code   RO         1262    .ARM.Collect$$rtentry$$0000000A  c_w.l(__rtentry2.o)
    0x0000015c   0x0000015c   0x00000000   Code   RO         1264    .ARM.Collect$$rtentry$$0000000C  c_w.l(__rtentry2.o)
    0x0000015c   0x0000015c   0x00000008   Code   RO         1265    .ARM.Collect$$rtentry$$0000000D  c_w.l(__rtentry2.o)
    0x00000164   0x00000164   0x00000002   Code   RO         1294    .ARM.Collect$$rtexit$$00000000  c_w.l(rtexit.o)
    0x00000166   0x00000166   0x00000000   Code   RO         1350    .ARM.Collect$$rtexit$$00000002  c_w.l(rtexit2.o)
    0x00000166   0x00000166   0x00000004   Code   RO         1351    .ARM.Collect$$rtexit$$00000003  c_w.l(rtexit2.o)
    0x0000016a   0x0000016a   0x00000006   Code   RO         1352    .ARM.Collect$$rtexit$$00000004  c_w.l(rtexit2.o)
    0x00000170   0x00000170   0x0000003c   Code   RO         1158    .text               startup_lpc17xx.o
    0x000001ac   0x000001ac   0x000000ee   Code   RO         1202    .text               c_w.l(lludivv7m.o)
    0x0000029a   0x0000029a   0x00000002   PAD
    0x0000029c   0x0000029c   0x00000028   Code   RO         1206    .text               c_w.l(noretval__2sprintf.o)
    0x000002c4   0x000002c4   0x00000006   Code   RO         1240    .text               c_w.l(heapauxi.o)
    0x000002ca   0x000002ca   0x00000002   PAD
    0x000002cc   0x000002cc   0x00000030   Code   RO         1251    .text               c_w.l(_printf_char_common.o)
    0x000002fc   0x000002fc   0x00000004   Code   RO         1157    .ARM.__at_0x02FC    startup_lpc17xx.o
    0x00000300   0x00000300   0x0000004e   Code   RO         1210    .text               c_w.l(_printf_pad.o)
    0x0000034e   0x0000034e   0x00000002   PAD
    0x00000350   0x00000350   0x00000078   Code   RO         1212    .text               c_w.l(_printf_dec.o)
    0x000003c8   0x000003c8   0x00000138   Code   RO         1226    .text               c_w.l(__printf_flags_wp.o)
    0x00000500   0x00000500   0x0000003e   Code   RO         1236    .text               c_w.l(strlen.o)
    0x0000053e   0x0000053e   0x0000008a   Code   RO         1238    .text               c_w.l(rt_memcpy_v6.o)
    0x000005c8   0x000005c8   0x000000b2   Code   RO         1249    .text               c_w.l(_printf_intcommon.o)
    0x0000067a   0x0000067a   0x0000000a   Code   RO         1253    .text               c_w.l(_sputc.o)
    0x00000684   0x00000684   0x00000064   Code   RO         1256    .text               c_w.l(rt_memcpy_w.o)
    0x000006e8   0x000006e8   0x0000004a   Code   RO         1277    .text               c_w.l(sys_stackheap_outer.o)
    0x00000732   0x00000732   0x00000012   Code   RO         1279    .text               c_w.l(exit.o)
    0x00000744   0x00000744   0x00000008   Code   RO         1291    .text               c_w.l(libspace.o)
    0x0000074c   0x0000074c   0x0000000c   Code   RO         1347    .text               c_w.l(sys_exit.o)
    0x00000758   0x00000758   0x00000002   Code   RO         1366    .text               c_w.l(use_no_semi.o)
    0x0000075a   0x0000075a   0x00000000   Code   RO         1368    .text               c_w.l(indicate_semi.o)
    0x0000075a   0x0000075a   0x00000002   PAD
    0x0000075c   0x0000075c   0x00000020   Code   RO          974    i.Clear_Channel_active_flag  gpdma_lpc17xx.o
    0x0000077c   0x0000077c   0x00000180   Code   RO          975    i.DMA_IRQHandler    gpdma_lpc17xx.o
    0x000008fc   0x000008fc   0x00000048   Code   RO            4    i.EINT3_IRQHandler  main.o
    0x00000944   0x00000944   0x000000f4   Code   RO          976    i.GPDMA_ChannelConfigure  gpdma_lpc17xx.o
    0x00000a38   0x00000a38   0x00000030   Code   RO          977    i.GPDMA_ChannelDisable  gpdma_lpc17xx.o
    0x00000a68   0x00000a68   0x00000030   Code   RO          979    i.GPDMA_ChannelGetCount  gpdma_lpc17xx.o
    0x00000a98   0x00000a98   0x000000a8   Code   RO          981    i.GPDMA_Initialize  gpdma_lpc17xx.o
    0x00000b40   0x00000b40   0x00000044   Code   RO          982    i.GPDMA_PeripheralSelect  gpdma_lpc17xx.o
    0x00000b84   0x00000b84   0x00000080   Code   RO          983    i.GPDMA_Uninitialize  gpdma_lpc17xx.o
    0x00000c04   0x00000c04   0x0000002c   Code   RO          466    i.GetASCIICode      asciilib.o
    0x00000c30   0x00000c30   0x00000044   Code   RO          744    i.GetUsartClockFreq  uart_lpc17xx.o
    0x00000c74   0x00000c74   0x000000fc   Code   RO         1121    i.PIN_Configure     pin_lpc17xx.o
    0x00000d70   0x00000d70   0x00000038   Code   RO          984    i.Set_Channel_active_flag  gpdma_lpc17xx.o
    0x00000da8   0x00000da8   0x00000010   Code   RO            5    i.SysTick_Handler   main.o
    0x00000db8   0x00000db8   0x00000140   Code   RO         1168    i.SystemInit        system_lpc17xx.o
    0x00000ef8   0x00000ef8   0x00000088   Code   RO            6    i.TIMER1_IRQHandler  main.o
    0x00000f80   0x00000f80   0x00000010   Code   RO          745    i.UART1_IRQHandler  uart_lpc17xx.o
    0x00000f90   0x00000f90   0x00000018   Code   RO            7    i.UART_SEND         main.o
    0x00000fa8   0x00000fa8   0x00000018   Code   RO          746    i.USART1_Control    uart_lpc17xx.o
    0x00000fc0   0x00000fc0   0x00000014   Code   RO          747    i.USART1_GPDMA_Rx_Event  uart_lpc17xx.o
    0x00000fd4   0x00000fd4   0x00000014   Code   RO          748    i.USART1_GPDMA_Tx_Event  uart_lpc17xx.o
    0x00000fe8   0x00000fe8   0x00000010   Code   RO          749    i.USART1_GetCapabilities  uart_lpc17xx.o
    0x00000ff8   0x00000ff8   0x00000010   Code   RO          750    i.USART1_GetModemStatus  uart_lpc17xx.o
    0x00001008   0x00001008   0x00000010   Code   RO          751    i.USART1_GetRxCount  uart_lpc17xx.o
    0x00001018   0x00001018   0x00000010   Code   RO          752    i.USART1_GetStatus  uart_lpc17xx.o
    0x00001028   0x00001028   0x00000010   Code   RO          753    i.USART1_GetTxCount  uart_lpc17xx.o
    0x00001038   0x00001038   0x00000014   Code   RO          754    i.USART1_Initialize  uart_lpc17xx.o
    0x0000104c   0x0000104c   0x00000014   Code   RO          755    i.USART1_PowerControl  uart_lpc17xx.o
    0x00001060   0x00001060   0x00000018   Code   RO          756    i.USART1_Receive    uart_lpc17xx.o
    0x00001078   0x00001078   0x00000018   Code   RO          757    i.USART1_Send       uart_lpc17xx.o
    0x00001090   0x00001090   0x00000014   Code   RO          758    i.USART1_SetModemControl  uart_lpc17xx.o
    0x000010a4   0x000010a4   0x0000001c   Code   RO          759    i.USART1_Transfer   uart_lpc17xx.o
    0x000010c0   0x000010c0   0x00000010   Code   RO          760    i.USART1_Uninitialize  uart_lpc17xx.o
    0x000010d0   0x000010d0   0x00000670   Code   RO          761    i.USART_Control     uart_lpc17xx.o
    0x00001740   0x00001740   0x00000086   Code   RO          762    i.USART_GPDMA_Rx_Event  uart_lpc17xx.o
    0x000017c6   0x000017c6   0x0000004a   Code   RO          763    i.USART_GPDMA_Tx_Event  uart_lpc17xx.o
    0x00001810   0x00001810   0x00000006   Code   RO          764    i.USART_GetCapabilities  uart_lpc17xx.o
    0x00001816   0x00001816   0x000000ec   Code   RO          765    i.USART_GetModemStatus  uart_lpc17xx.o
    0x00001902   0x00001902   0x0000001c   Code   RO          766    i.USART_GetRxCount  uart_lpc17xx.o
    0x0000191e   0x0000191e   0x000000bc   Code   RO          767    i.USART_GetStatus   uart_lpc17xx.o
    0x000019da   0x000019da   0x0000001c   Code   RO          768    i.USART_GetTxCount  uart_lpc17xx.o
    0x000019f6   0x000019f6   0x00000270   Code   RO          769    i.USART_IRQHandler  uart_lpc17xx.o
    0x00001c66   0x00001c66   0x000000fe   Code   RO          770    i.USART_Initialize  uart_lpc17xx.o
    0x00001d64   0x00001d64   0x0000025c   Code   RO          771    i.USART_PowerControl  uart_lpc17xx.o
    0x00001fc0   0x00001fc0   0x00000110   Code   RO          772    i.USART_Receive     uart_lpc17xx.o
    0x000020d0   0x000020d0   0x00000068   Code   RO          773    i.USART_RxLineIntHandler  uart_lpc17xx.o
    0x00002138   0x00002138   0x0000019c   Code   RO          774    i.USART_Send        uart_lpc17xx.o
    0x000022d4   0x000022d4   0x00000134   Code   RO          775    i.USART_SetBaudrate  uart_lpc17xx.o
    0x00002408   0x00002408   0x000000a0   Code   RO          776    i.USART_SetModemControl  uart_lpc17xx.o
    0x000024a8   0x000024a8   0x0000007a   Code   RO          777    i.USART_Transfer    uart_lpc17xx.o
    0x00002522   0x00002522   0x000000e2   Code   RO          778    i.USART_Uninitialize  uart_lpc17xx.o
    0x00002604   0x00002604   0x00000010   Code   RO          779    i.USARTx_GetVersion  uart_lpc17xx.o
    0x00002614   0x00002614   0x0000001c   Code   RO          780    i.__NVIC_ClearPendingIRQ  uart_lpc17xx.o
    0x00002630   0x00002630   0x0000001c   Code   RO          985    i.__NVIC_ClearPendingIRQ  gpdma_lpc17xx.o
    0x0000264c   0x0000264c   0x0000001a   Code   RO            8    i.__NVIC_EnableIRQ  main.o
    0x00002666   0x00002666   0x0000000e   Code   RO         1224    i._is_digit         c_w.l(__printf_wp.o)
    0x00002674   0x00002674   0x00000020   Code   RO            9    i.addNewDate        main.o
    0x00002694   0x00002694   0x000001b4   Code   RO           10    i.approve           main.o
    0x00002848   0x00002848   0x00000050   Code   RO           11    i.decodeDateTime    main.o
    0x00002898   0x00002898   0x0000001e   Code   RO          489    i.delay_ms          lcd_ili9325.o
    0x000028b6   0x000028b6   0x000000a6   Code   RO           12    i.drawBasicInterface  main.o
    0x0000295c   0x0000295c   0x00000040   Code   RO           13    i.drawDateInTopRight  main.o
    0x0000299c   0x0000299c   0x00000074   Code   RO           14    i.drawLastOpenDates  main.o
    0x00002a10   0x00002a10   0x00000042   Code   RO           15    i.drawLetter        main.o
    0x00002a52   0x00002a52   0x000000d2   Code   RO           16    i.drawLine          main.o
    0x00002b24   0x00002b24   0x0000005a   Code   RO           17    i.drawStar          main.o
    0x00002b7e   0x00002b7e   0x0000002e   Code   RO           18    i.drawString        main.o
    0x00002bac   0x00002bac   0x00000050   Code   RO           19    i.drawSuccessfulOpenInterface  main.o
    0x00002bfc   0x00002bfc   0x0000008c   Code   RO           20    i.drawWrongCodeOpenInterface  main.o
    0x00002c88   0x00002c88   0x00000094   Code   RO           21    i.drawWrongDateInterface  main.o
    0x00002d1c   0x00002d1c   0x00000034   Code   RO           22    i.encodeDateTime    main.o
    0x00002d50   0x00002d50   0x00000022   Code   RO           23    i.firePixel         main.o
    0x00002d72   0x00002d72   0x00000002   PAD
    0x00002d74   0x00002d74   0x00000190   Code   RO           24    i.func              main.o
    0x00002f04   0x00002f04   0x00000008   Code   RO           25    i.funcA             main.o
    0x00002f0c   0x00002f0c   0x0000001c   Code   RO           26    i.funcB             main.o
    0x00002f28   0x00002f28   0x0000001c   Code   RO           27    i.funcC             main.o
    0x00002f44   0x00002f44   0x00000002   Code   RO           28    i.funcD             main.o
    0x00002f46   0x00002f46   0x00000002   Code   RO           29    i.funcE             main.o
    0x00002f48   0x00002f48   0x0000001c   Code   RO           30    i.funcF             main.o
    0x00002f64   0x00002f64   0x00000024   Code   RO           31    i.getCode           main.o
    0x00002f88   0x00002f88   0x00000020   Code   RO           32    i.getDates          main.o
    0x00002fa8   0x00002fa8   0x00000024   Code   RO           33    i.get_day           main.o
    0x00002fcc   0x00002fcc   0x00000024   Code   RO           34    i.get_hours         main.o
    0x00002ff0   0x00002ff0   0x00000024   Code   RO           35    i.get_minutes       main.o
    0x00003014   0x00003014   0x00000024   Code   RO           36    i.get_month         main.o
    0x00003038   0x00003038   0x00000024   Code   RO           37    i.get_year          main.o
    0x0000305c   0x0000305c   0x00000040   Code   RO           38    i.initLcdConfiguration  main.o
    0x0000309c   0x0000309c   0x0000004c   Code   RO           39    i.initRTC           main.o
    0x000030e8   0x000030e8   0x0000003c   Code   RO           40    i.initTimer1        main.o
    0x00003124   0x00003124   0x000001d4   Code   RO          490    i.init_ILI9325      lcd_ili9325.o
    0x000032f8   0x000032f8   0x00000074   Code   RO           41    i.initialize        main.o
    0x0000336c   0x0000336c   0x0000006c   Code   RO           42    i.initializeKeyboard  main.o
    0x000033d8   0x000033d8   0x00000044   Code   RO           43    i.initializeUART2   main.o
    0x0000341c   0x0000341c   0x00000028   Code   RO          545    i.lcdConfiguration  open1768_lcd.o
    0x00003444   0x00003444   0x0000004c   Code   RO          546    i.lcdRead           open1768_lcd.o
    0x00003490   0x00003490   0x00000038   Code   RO          547    i.lcdReadData       open1768_lcd.o
    0x000034c8   0x000034c8   0x00000014   Code   RO          548    i.lcdReadReg        open1768_lcd.o
    0x000034dc   0x000034dc   0x0000002c   Code   RO          549    i.lcdSend           open1768_lcd.o
    0x00003508   0x00003508   0x00000038   Code   RO          551    i.lcdWriteData      open1768_lcd.o
    0x00003540   0x00003540   0x00000040   Code   RO          552    i.lcdWriteIndex     open1768_lcd.o
    0x00003580   0x00003580   0x00000014   Code   RO          553    i.lcdWriteReg       open1768_lcd.o
    0x00003594   0x00003594   0x00000024   Code   RO           44    i.main              main.o
    0x000035b8   0x000035b8   0x000000a4   Code   RO           45    i.processInput      main.o
    0x0000365c   0x0000365c   0x000000cc   Code   RO           46    i.readKeyboard      main.o
    0x00003728   0x00003728   0x00000024   Code   RO           48    i.resetCodeTab      main.o
    0x0000374c   0x0000374c   0x00000024   Code   RO           49    i.resetDateTab      main.o
    0x00003770   0x00003770   0x0000004a   Code   RO           50    i.setAutoIncrementBackground  main.o
    0x000037ba   0x000037ba   0x00000002   PAD
    0x000037bc   0x000037bc   0x00000030   Code   RO           51    i.setCode           main.o
    0x000037ec   0x000037ec   0x000000b8   Code   RO           52    i.setNewCodeInterface  main.o
    0x000038a4   0x000038a4   0x00000060   Code   RO           53    i.setNewCodeSuccessfulInterface  main.o
    0x00003904   0x00003904   0x00000114   Code   RO           54    i.setNewDateInterface  main.o
    0x00003a18   0x00003a18   0x00000068   Code   RO           55    i.setNewDateInterfaceSuccessful  main.o
    0x00003a80   0x00003a80   0x00000030   Code   RO           56    i.set_day           main.o
    0x00003ab0   0x00003ab0   0x00000030   Code   RO           57    i.set_hours         main.o
    0x00003ae0   0x00003ae0   0x00000030   Code   RO           58    i.set_minutes       main.o
    0x00003b10   0x00003b10   0x00000030   Code   RO           59    i.set_month         main.o
    0x00003b40   0x00003b40   0x00000030   Code   RO           60    i.set_years         main.o
    0x00003b70   0x00003b70   0x00000068   Code   RO           61    i.validateCode      main.o
    0x00003bd8   0x00003bd8   0x00000018   Code   RO           62    i.wait              main.o
    0x00003bf0   0x00003bf0   0x00000012   Code   RO          611    i.wait_delay        open1768_lcd.o
    0x00003c02   0x00003c02   0x00000be0   Data   RO          467    .constdata          asciilib.o
    0x000047e2   0x000047e2   0x00000002   PAD
    0x000047e4   0x000047e4   0x00000014   Data   RO          708    .constdata          app.o
    0x000047f8   0x000047f8   0x000001d4   Data   RO          782    .constdata          uart_lpc17xx.o
    0x000049cc   0x000049cc   0x00000011   Data   RO         1227    .constdata          c_w.l(__printf_flags_wp.o)
    0x000049dd   0x000049dd   0x00000003   PAD
    0x000049e0   0x000049e0   0x00000030   Data   RO         1418    Region$$Table       anon$$obj.o


    Execution Region RW_IRAM1 (Exec base: 0x10000000, Load base: 0x00004a10, Size: 0x00000200, Max: 0x00008000, ABSOLUTE)

    Exec Addr    Load Addr    Size         Type   Attr      Idx    E Section Name        Object

    0x10000000        -       0x00000200   Zero   RW         1154    STACK               startup_lpc17xx.o


    Execution Region RW_IRAM2 (Exec base: 0x2007c000, Load base: 0x00004a10, Size: 0x00000200, Max: 0x00008000, ABSOLUTE)

    Exec Addr    Load Addr    Size         Type   Attr      Idx    E Section Name        Object

    0x2007c000   0x00004a10   0x00000028   Data   RW           64    .data               main.o
    0x2007c028   0x00004a38   0x00000022   Data   RW          709    .data               app.o
    0x2007c04a   0x00004a5a   0x00000002   PAD
    0x2007c04c   0x00004a5c   0x00000008   Data   RW          987    .data               gpdma_lpc17xx.o
    0x2007c054   0x00004a64   0x00000004   Data   RW         1169    .data               system_lpc17xx.o
    0x2007c058        -       0x00000070   Zero   RW           63    .bss                main.o
    0x2007c0c8        -       0x00000034   Zero   RW          781    .bss                uart_lpc17xx.o
    0x2007c0fc        -       0x000000a0   Zero   RW          986    .bss                gpdma_lpc17xx.o
    0x2007c19c        -       0x00000060   Zero   RW         1292    .bss                c_w.l(libspace.o)
    0x2007c1fc   0x00004a68   0x00000004   PAD
    0x2007c200        -       0x00000000   Zero   RW         1155    HEAP                startup_lpc17xx.o


==============================================================================

Image component sizes


      Code (inc. data)   RO Data    RW Data    ZI Data      Debug   Object Name

         0          0         20         34          0       7796   app.o
        44          4       3040          0          0       1227   asciilib.o
      1204         94          0          8        160       8206   gpdma_lpc17xx.o
       498          0          0          0          0      20942   lcd_ili9325.o
      4896        944          0         40        112      87870   main.o
       394         30          0          0          0       4808   open1768_lcd.o
       252          6          0          0          0        804   pin_lpc17xx.o
        64         26        204          0        512       1028   startup_lpc17xx.o
       320         18          0          4          0        835   system_lpc17xx.o
      5852        150        468          0         52      64350   uart_lpc17xx.o

    ----------------------------------------------------------------------
     13528       1272       3782         88        836     197866   Object Totals
         0          0         48          0          0          0   (incl. Generated)
         4          0          2          2          0          0   (incl. Padding)

    ----------------------------------------------------------------------

      Code (inc. data)   RO Data    RW Data    ZI Data      Debug   Library Member Name

         8          0          0          0          0         68   __main.o
       312          4         17          0          0         92   __printf_flags_wp.o
        14          0          0          0          0         68   __printf_wp.o
         0          0          0          0          0          0   __rtentry.o
        12          0          0          0          0          0   __rtentry2.o
         6          0          0          0          0          0   __rtentry4.o
        52          8          0          0          0          0   __scatter.o
        26          0          0          0          0          0   __scatter_copy.o
        28          0          0          0          0          0   __scatter_zi.o
        48          6          0          0          0         96   _printf_char_common.o
         6          0          0          0          0          0   _printf_d.o
       120         16          0          0          0         92   _printf_dec.o
       178          0          0          0          0         88   _printf_intcommon.o
        78          0          0          0          0        108   _printf_pad.o
         0          0          0          0          0          0   _printf_percent.o
         4          0          0          0          0          0   _printf_percent_end.o
        10          0          0          0          0         68   _sputc.o
        18          0          0          0          0         80   exit.o
         6          0          0          0          0        152   heapauxi.o
         0          0          0          0          0          0   indicate_semi.o
         2          0          0          0          0          0   libinit.o
         2          0          0          0          0          0   libinit2.o
         2          0          0          0          0          0   libshutdown.o
         2          0          0          0          0          0   libshutdown2.o
         8          4          0          0         96         68   libspace.o
       238          0          0          0          0        100   lludivv7m.o
        40          6          0          0          0         84   noretval__2sprintf.o
       138          0          0          0          0         68   rt_memcpy_v6.o
       100          0          0          0          0         80   rt_memcpy_w.o
         2          0          0          0          0          0   rtexit.o
        10          0          0          0          0          0   rtexit2.o
        62          0          0          0          0         76   strlen.o
        12          4          0          0          0         68   sys_exit.o
        74          0          0          0          0         80   sys_stackheap_outer.o
         2          0          0          0          0         68   use_no_semi.o

    ----------------------------------------------------------------------
      1630         48         20          0        100       1604   Library Totals
        10          0          3          0          4          0   (incl. Padding)

    ----------------------------------------------------------------------

      Code (inc. data)   RO Data    RW Data    ZI Data      Debug   Library Name

      1620         48         17          0         96       1604   c_w.l

    ----------------------------------------------------------------------
      1630         48         20          0        100       1604   Library Totals

    ----------------------------------------------------------------------

==============================================================================


      Code (inc. data)   RO Data    RW Data    ZI Data      Debug   

     15158       1320       3802         88        936     192706   Grand Totals
     15158       1320       3802         88        936     192706   ELF Image Totals
     15158       1320       3802         88          0          0   ROM Totals

==============================================================================

    Total RO  Size (Code + RO Data)                18960 (  18.52kB)
    Total RW  Size (RW Data + ZI Data)              1024 (   1.00kB)
    Total ROM Size (Code + RO Data + RW Data)      19048 (  18.60kB)

==============================================================================

